Archive member included to satisfy reference by file (symbol)

c:/ac6/systemworkbench/plugins/fr.ac6.mcu.externaltools.arm-none.win32_1.17.0.201812190825/tools/compiler/bin/../lib/gcc/arm-none-eabi/7.3.1/../../../../arm-none-eabi/lib/thumb/v6-m\libm.a(lib_a-w_pow.o)
                              Core/Src/ftoa.o (pow)
c:/ac6/systemworkbench/plugins/fr.ac6.mcu.externaltools.arm-none.win32_1.17.0.201812190825/tools/compiler/bin/../lib/gcc/arm-none-eabi/7.3.1/../../../../arm-none-eabi/lib/thumb/v6-m\libm.a(lib_a-e_pow.o)
                              c:/ac6/systemworkbench/plugins/fr.ac6.mcu.externaltools.arm-none.win32_1.17.0.201812190825/tools/compiler/bin/../lib/gcc/arm-none-eabi/7.3.1/../../../../arm-none-eabi/lib/thumb/v6-m\libm.a(lib_a-w_pow.o) (__ieee754_pow)
c:/ac6/systemworkbench/plugins/fr.ac6.mcu.externaltools.arm-none.win32_1.17.0.201812190825/tools/compiler/bin/../lib/gcc/arm-none-eabi/7.3.1/../../../../arm-none-eabi/lib/thumb/v6-m\libm.a(lib_a-e_sqrt.o)
                              c:/ac6/systemworkbench/plugins/fr.ac6.mcu.externaltools.arm-none.win32_1.17.0.201812190825/tools/compiler/bin/../lib/gcc/arm-none-eabi/7.3.1/../../../../arm-none-eabi/lib/thumb/v6-m\libm.a(lib_a-e_pow.o) (__ieee754_sqrt)
c:/ac6/systemworkbench/plugins/fr.ac6.mcu.externaltools.arm-none.win32_1.17.0.201812190825/tools/compiler/bin/../lib/gcc/arm-none-eabi/7.3.1/../../../../arm-none-eabi/lib/thumb/v6-m\libm.a(lib_a-s_fabs.o)
                              c:/ac6/systemworkbench/plugins/fr.ac6.mcu.externaltools.arm-none.win32_1.17.0.201812190825/tools/compiler/bin/../lib/gcc/arm-none-eabi/7.3.1/../../../../arm-none-eabi/lib/thumb/v6-m\libm.a(lib_a-e_pow.o) (fabs)
c:/ac6/systemworkbench/plugins/fr.ac6.mcu.externaltools.arm-none.win32_1.17.0.201812190825/tools/compiler/bin/../lib/gcc/arm-none-eabi/7.3.1/../../../../arm-none-eabi/lib/thumb/v6-m\libm.a(lib_a-s_finite.o)
                              c:/ac6/systemworkbench/plugins/fr.ac6.mcu.externaltools.arm-none.win32_1.17.0.201812190825/tools/compiler/bin/../lib/gcc/arm-none-eabi/7.3.1/../../../../arm-none-eabi/lib/thumb/v6-m\libm.a(lib_a-w_pow.o) (finite)
c:/ac6/systemworkbench/plugins/fr.ac6.mcu.externaltools.arm-none.win32_1.17.0.201812190825/tools/compiler/bin/../lib/gcc/arm-none-eabi/7.3.1/../../../../arm-none-eabi/lib/thumb/v6-m\libm.a(lib_a-s_lib_ver.o)
                              c:/ac6/systemworkbench/plugins/fr.ac6.mcu.externaltools.arm-none.win32_1.17.0.201812190825/tools/compiler/bin/../lib/gcc/arm-none-eabi/7.3.1/../../../../arm-none-eabi/lib/thumb/v6-m\libm.a(lib_a-w_pow.o) (__fdlib_version)
c:/ac6/systemworkbench/plugins/fr.ac6.mcu.externaltools.arm-none.win32_1.17.0.201812190825/tools/compiler/bin/../lib/gcc/arm-none-eabi/7.3.1/../../../../arm-none-eabi/lib/thumb/v6-m\libm.a(lib_a-s_matherr.o)
                              c:/ac6/systemworkbench/plugins/fr.ac6.mcu.externaltools.arm-none.win32_1.17.0.201812190825/tools/compiler/bin/../lib/gcc/arm-none-eabi/7.3.1/../../../../arm-none-eabi/lib/thumb/v6-m\libm.a(lib_a-w_pow.o) (matherr)
c:/ac6/systemworkbench/plugins/fr.ac6.mcu.externaltools.arm-none.win32_1.17.0.201812190825/tools/compiler/bin/../lib/gcc/arm-none-eabi/7.3.1/../../../../arm-none-eabi/lib/thumb/v6-m\libm.a(lib_a-s_nan.o)
                              c:/ac6/systemworkbench/plugins/fr.ac6.mcu.externaltools.arm-none.win32_1.17.0.201812190825/tools/compiler/bin/../lib/gcc/arm-none-eabi/7.3.1/../../../../arm-none-eabi/lib/thumb/v6-m\libm.a(lib_a-e_pow.o) (nan)
c:/ac6/systemworkbench/plugins/fr.ac6.mcu.externaltools.arm-none.win32_1.17.0.201812190825/tools/compiler/bin/../lib/gcc/arm-none-eabi/7.3.1/../../../../arm-none-eabi/lib/thumb/v6-m\libm.a(lib_a-s_rint.o)
                              c:/ac6/systemworkbench/plugins/fr.ac6.mcu.externaltools.arm-none.win32_1.17.0.201812190825/tools/compiler/bin/../lib/gcc/arm-none-eabi/7.3.1/../../../../arm-none-eabi/lib/thumb/v6-m\libm.a(lib_a-w_pow.o) (rint)
c:/ac6/systemworkbench/plugins/fr.ac6.mcu.externaltools.arm-none.win32_1.17.0.201812190825/tools/compiler/bin/../lib/gcc/arm-none-eabi/7.3.1/../../../../arm-none-eabi/lib/thumb/v6-m\libm.a(lib_a-s_scalbn.o)
                              c:/ac6/systemworkbench/plugins/fr.ac6.mcu.externaltools.arm-none.win32_1.17.0.201812190825/tools/compiler/bin/../lib/gcc/arm-none-eabi/7.3.1/../../../../arm-none-eabi/lib/thumb/v6-m\libm.a(lib_a-e_pow.o) (scalbn)
c:/ac6/systemworkbench/plugins/fr.ac6.mcu.externaltools.arm-none.win32_1.17.0.201812190825/tools/compiler/bin/../lib/gcc/arm-none-eabi/7.3.1/../../../../arm-none-eabi/lib/thumb/v6-m\libm.a(lib_a-s_copysign.o)
                              c:/ac6/systemworkbench/plugins/fr.ac6.mcu.externaltools.arm-none.win32_1.17.0.201812190825/tools/compiler/bin/../lib/gcc/arm-none-eabi/7.3.1/../../../../arm-none-eabi/lib/thumb/v6-m\libm.a(lib_a-s_scalbn.o) (copysign)
[...]
Memory Configuration

Name             Origin             Length             Attributes
RAM              0x20000000         0x00002000         xrw
FLASH            0x08000000         0x00010000         xr
*default*        0x00000000         0xffffffff

Linker script and memory map

LOAD c:/ac6/systemworkbench/plugins/fr.ac6.mcu.externaltools.arm-none.win32_1.17.0.201812190825/tools/compiler/bin/../lib/gcc/arm-none-eabi/7.3.1/thumb/v6-m/crti.o
LOAD c:/ac6/systemworkbench/plugins/fr.ac6.mcu.externaltools.arm-none.win32_1.17.0.201812190825/tools/compiler/bin/../lib/gcc/arm-none-eabi/7.3.1/thumb/v6-m/crtbegin.o
LOAD c:/ac6/systemworkbench/plugins/fr.ac6.mcu.externaltools.arm-none.win32_1.17.0.201812190825/tools/compiler/bin/../lib/gcc/arm-none-eabi/7.3.1/../../../../arm-none-eabi/lib/thumb/v6-m/crt0.o
LOAD Core/Src/BME280.o
LOAD Core/Src/EPY12231.o
LOAD Core/Src/Funcionality.o
LOAD Core/Src/Init.o
LOAD Core/Src/LoRa.o
LOAD Core/Src/Si7021.o
LOAD Core/Src/ftoa.o
LOAD Core/Src/main.o
LOAD Core/Src/stm32g0xx_hal_msp.o
LOAD Core/Src/stm32g0xx_it.o
LOAD Core/Src/syscalls.o
LOAD Core/Src/system_stm32g0xx.o
LOAD Drivers/STM32G0xx_HAL_Driver/Src/stm32g0xx_hal.o
LOAD Drivers/STM32G0xx_HAL_Driver/Src/stm32g0xx_hal_cortex.o
LOAD Drivers/STM32G0xx_HAL_Driver/Src/stm32g0xx_hal_dma.o
LOAD Drivers/STM32G0xx_HAL_Driver/Src/stm32g0xx_hal_dma_ex.o
LOAD Drivers/STM32G0xx_HAL_Driver/Src/stm32g0xx_hal_exti.o
LOAD Drivers/STM32G0xx_HAL_Driver/Src/stm32g0xx_hal_flash.o
LOAD Drivers/STM32G0xx_HAL_Driver/Src/stm32g0xx_hal_flash_ex.o
LOAD Drivers/STM32G0xx_HAL_Driver/Src/stm32g0xx_hal_gpio.o
LOAD Drivers/STM32G0xx_HAL_Driver/Src/stm32g0xx_hal_i2c.o
LOAD Drivers/STM32G0xx_HAL_Driver/Src/stm32g0xx_hal_i2c_ex.o
LOAD Drivers/STM32G0xx_HAL_Driver/Src/stm32g0xx_hal_pwr.o
LOAD Drivers/STM32G0xx_HAL_Driver/Src/stm32g0xx_hal_pwr_ex.o
LOAD Drivers/STM32G0xx_HAL_Driver/Src/stm32g0xx_hal_rcc.o
LOAD Drivers/STM32G0xx_HAL_Driver/Src/stm32g0xx_hal_rcc_ex.o
LOAD Drivers/STM32G0xx_HAL_Driver/Src/stm32g0xx_hal_rtc.o
LOAD Drivers/STM32G0xx_HAL_Driver/Src/stm32g0xx_hal_rtc_ex.o
LOAD Drivers/STM32G0xx_HAL_Driver/Src/stm32g0xx_hal_tim.o
LOAD Drivers/STM32G0xx_HAL_Driver/Src/stm32g0xx_hal_tim_ex.o
LOAD Drivers/STM32G0xx_HAL_Driver/Src/stm32g0xx_hal_uart.o
LOAD Drivers/STM32G0xx_HAL_Driver/Src/stm32g0xx_hal_uart_ex.o
LOAD Drivers/STM32G0xx_HAL_Driver/Src/stm32g0xx_ll_dma.o
LOAD Drivers/STM32G0xx_HAL_Driver/Src/stm32g0xx_ll_rcc.o
LOAD startup/startup_stm32g030xx.o
LOAD c:/ac6/systemworkbench/plugins/fr.ac6.mcu.externaltools.arm-none.win32_1.17.0.201812190825/tools/compiler/bin/../lib/gcc/arm-none-eabi/7.3.1/../../../../arm-none-eabi/lib/thumb/v6-m\libm.a
START GROUP
LOAD c:/ac6/systemworkbench/plugins/fr.ac6.mcu.externaltools.arm-none.win32_1.17.0.201812190825/tools/compiler/bin/../lib/gcc/arm-none-eabi/7.3.1/thumb/v6-m\libgcc.a
LOAD c:/ac6/systemworkbench/plugins/fr.ac6.mcu.externaltools.arm-none.win32_1.17.0.201812190825/tools/compiler/bin/../lib/gcc/arm-none-eabi/7.3.1/../../../../arm-none-eabi/lib/thumb/v6-m\libc_nano.a
END GROUP
START GROUP
LOAD c:/ac6/systemworkbench/plugins/fr.ac6.mcu.externaltools.arm-none.win32_1.17.0.201812190825/tools/compiler/bin/../lib/gcc/arm-none-eabi/7.3.1/thumb/v6-m\libgcc.a
LOAD c:/ac6/systemworkbench/plugins/fr.ac6.mcu.externaltools.arm-none.win32_1.17.0.201812190825/tools/compiler/bin/../lib/gcc/arm-none-eabi/7.3.1/../../../../arm-none-eabi/lib/thumb/v6-m\libc_nano.a
LOAD c:/ac6/systemworkbench/plugins/fr.ac6.mcu.externaltools.arm-none.win32_1.17.0.201812190825/tools/compiler/bin/../lib/gcc/arm-none-eabi/7.3.1/../../../../arm-none-eabi/lib/thumb/v6-m\libnosys.a
END GROUP
START GROUP
LOAD c:/ac6/systemworkbench/plugins/fr.ac6.mcu.externaltools.arm-none.win32_1.17.0.201812190825/tools/compiler/bin/../lib/gcc/arm-none-eabi/7.3.1/thumb/v6-m\libgcc.a
LOAD c:/ac6/systemworkbench/plugins/fr.ac6.mcu.externaltools.arm-none.win32_1.17.0.201812190825/tools/compiler/bin/../lib/gcc/arm-none-eabi/7.3.1/../../../../arm-none-eabi/lib/thumb/v6-m\libc_nano.a
LOAD c:/ac6/systemworkbench/plugins/fr.ac6.mcu.externaltools.arm-none.win32_1.17.0.201812190825/tools/compiler/bin/../lib/gcc/arm-none-eabi/7.3.1/../../../../arm-none-eabi/lib/thumb/v6-m\libnosys.a
END GROUP
LOAD c:/ac6/systemworkbench/plugins/fr.ac6.mcu.externaltools.arm-none.win32_1.17.0.201812190825/tools/compiler/bin/../lib/gcc/arm-none-eabi/7.3.1/thumb/v6-m/crtend.o
LOAD c:/ac6/systemworkbench/plugins/fr.ac6.mcu.externaltools.arm-none.win32_1.17.0.201812190825/tools/compiler/bin/../lib/gcc/arm-none-eabi/7.3.1/thumb/v6-m/crtn.o
                0x20002000                _estack = 0x20002000
                0x00000200                _Min_Heap_Size = 0x200
                0x00000400                _Min_Stack_Size = 0x400

.isr_vector     0x08000000       0xb8
                0x08000000                . = ALIGN (0x4)
 *(.isr_vector)
 .isr_vector    0x08000000       0xb8 startup/startup_stm32g030xx.o
                0x08000000                g_pfnVectors
                0x080000b8                . = ALIGN (0x4)

.text           0x080000b8     0x8074
                0x080000b8                . = ALIGN (0x4)
 *(.text)
 .text          0x080000b8       0x48 c:/ac6/systemworkbench/plugins/fr.ac6.mcu.externaltools.arm-none.win32_1.17.0.201812190825/tools/compiler/bin/../lib/gcc/arm-none-eabi/7.3.1/thumb/v6-m/crtbegin.o
 .text          0x08000100      0x114 c:/ac6/systemworkbench/plugins/fr.ac6.mcu.externaltools.arm-none.win32_1.17.0.201812190825/tools/compiler/bin/../lib/gcc/arm-none-eabi/7.3.1/thumb/v6-m\libgcc.a(_udivsi3.o)
                0x08000100                __aeabi_uidiv
                0x08000100                __udivsi3
                0x0800020c                __aeabi_uidivmod
 .text          0x08000214      0x1d4 c:/ac6/systemworkbench/plugins/fr.ac6.mcu.externaltools.arm-none.win32_1.17.0.201812190825/tools/compiler/bin/../lib/gcc/arm-none-eabi/7.3.1/thumb/v6-m\libgcc.a(_divsi3.o)
                0x08000214                __divsi3
                0x08000214                __aeabi_idiv
                0x080003e0                __aeabi_idivmod
 .text          0x080003e8        0x4 c:/ac6/systemworkbench/plugins/fr.ac6.mcu.externaltools.arm-none.win32_1.17.0.201812190825/tools/compiler/bin/../lib/gcc/arm-none-eabi/7.3.1/thumb/v6-m\libgcc.a(_dvmd_tls.o)
                0x080003e8                __aeabi_idiv0
                0x080003e8                __aeabi_ldiv0
 .text          0x080003ec       0x7c c:/ac6/systemworkbench/plugins/fr.ac6.mcu.externaltools.arm-none.win32_1.17.0.201812190825/tools/compiler/bin/../lib/gcc/arm-none-eabi/7.3.1/thumb/v6-m\libgcc.a(_arm_cmpdf2.o)
                0x080003ec                __aeabi_cdrcmple
                0x080003fc                __aeabi_cdcmple
                0x080003fc                __aeabi_cdcmpeq
                0x0800040c                __aeabi_dcmpeq
                0x08000418                __aeabi_dcmplt
                0x0800042c                __aeabi_dcmple
                0x08000440                __aeabi_dcmpgt
                0x08000454                __aeabi_dcmpge
 .text          0x08000468       0x74 c:/ac6/systemworkbench/plugins/fr.ac6.mcu.externaltools.arm-none.win32_1.17.0.201812190825/tools/compiler/bin/../lib/gcc/arm-none-eabi/7.3.1/thumb/v6-m\libgcc.a(_arm_cmpsf2.o)
                0x08000468                __aeabi_cfrcmple
                0x08000470                __aeabi_cfcmpeq
                0x08000470                __aeabi_cfcmple
                0x08000480                __aeabi_fcmpeq
                0x0800048c                __aeabi_fcmplt
                0x080004a0                __aeabi_fcmple
                0x080004b4                __aeabi_fcmpgt
                0x080004c8                __aeabi_fcmpge
 .text          0x080004dc       0x48 c:/ac6/systemworkbench/plugins/fr.ac6.mcu.externaltools.arm-none.win32_1.17.0.201812190825/tools/compiler/bin/../lib/gcc/arm-none-eabi/7.3.1/thumb/v6-m\libgcc.a(_aeabi_ldivmod.o)
                0x080004dc                __aeabi_ldivmod
 .text          0x08000524       0x54 c:/ac6/systemworkbench/plugins/fr.ac6.mcu.externaltools.arm-none.win32_1.17.0.201812190825/tools/compiler/bin/../lib/gcc/arm-none-eabi/7.3.1/thumb/v6-m\libgcc.a(_muldi3.o)
                0x08000524                __muldi3
                0x08000524                __aeabi_lmul
 .text          0x08000578       0x38 c:/ac6/systemworkbench/plugins/fr.ac6.mcu.externaltools.arm-none.win32_1.17.0.201812190825/tools/compiler/bin/../lib/gcc/arm-none-eabi/7.3.1/thumb/v6-m\libgcc.a(bpabi.o)
                0x08000578                __gnu_ldivmod_helper
 .text          0x080005b0      0x224 c:/ac6/systemworkbench/plugins/fr.ac6.mcu.externaltools.arm-none.win32_1.17.0.201812190825/tools/compiler/bin/../lib/gcc/arm-none-eabi/7.3.1/thumb/v6-m\libgcc.a(divsf3.o)
                0x080005b0                __aeabi_fdiv
 .text          0x080007d4       0x50 c:/ac6/systemworkbench/plugins/fr.ac6.mcu.externaltools.arm-none.win32_1.17.0.201812190825/tools/compiler/bin/../lib/gcc/arm-none-eabi/7.3.1/thumb/v6-m\libgcc.a(eqsf2.o)
                0x080007d4                __eqsf2
                0x080007d4                __nesf2
 .text          0x08000824       0x9c c:/ac6/systemworkbench/plugins/fr.ac6.mcu.externaltools.arm-none.win32_1.17.0.201812190825/tools/compiler/bin/../lib/gcc/arm-none-eabi/7.3.1/thumb/v6-m\libgcc.a(gesf2.o)
                0x08000824                __gesf2
                0x08000824                __gtsf2
 .text          0x080008c0       0xa0 c:/ac6/systemworkbench/plugins/fr.ac6.mcu.externaltools.arm-none.win32_1.17.0.201812190825/tools/compiler/bin/../lib/gcc/arm-none-eabi/7.3.1/thumb/v6-m\libgcc.a(lesf2.o)
                0x080008c0                __ltsf2
                0x080008c0                __lesf2
 .text          0x08000960      0x264 c:/ac6/systemworkbench/plugins/fr.ac6.mcu.externaltools.arm-none.win32_1.17.0.201812190825/tools/compiler/bin/../lib/gcc/arm-none-eabi/7.3.1/thumb/v6-m\libgcc.a(mulsf3.o)
                0x08000960                __aeabi_fmul
 .text          0x08000bc4      0x388 c:/ac6/systemworkbench/plugins/fr.ac6.mcu.externaltools.arm-none.win32_1.17.0.201812190825/tools/compiler/bin/../lib/gcc/arm-none-eabi/7.3.1/thumb/v6-m\libgcc.a(subsf3.o)
                0x08000bc4                __aeabi_fsub
 .text          0x08000f4c       0x40 c:/ac6/systemworkbench/plugins/fr.ac6.mcu.externaltools.arm-none.win32_1.17.0.201812190825/tools/compiler/bin/../lib/gcc/arm-none-eabi/7.3.1/thumb/v6-m\libgcc.a(fixsfsi.o)
                0x08000f4c                __aeabi_f2iz
 .text          0x08000f8c       0x94 c:/ac6/systemworkbench/plugins/fr.ac6.mcu.externaltools.arm-none.win32_1.17.0.201812190825/tools/compiler/bin/../lib/gcc/arm-none-eabi/7.3.1/thumb/v6-m\libgcc.a(floatsisf.o)
                0x08000f8c                __aeabi_i2f
 .text          0x08001020       0x80 c:/ac6/systemworkbench/plugins/fr.ac6.mcu.externaltools.arm-none.win32_1.17.0.201812190825/tools/compiler/bin/../lib/gcc/arm-none-eabi/7.3.1/thumb/v6-m\libgcc.a(floatunsisf.o)
                0x08001020                __aeabi_ui2f
 .text          0x080010a0      0x638 c:/ac6/systemworkbench/plugins/fr.ac6.mcu.externaltools.arm-none.win32_1.17.0.201812190825/tools/compiler/bin/../lib/gcc/arm-none-eabi/7.3.1/thumb/v6-m\libgcc.a(adddf3.o)
                0x080010a0                __aeabi_dadd
 .text          0x080016d8      0x604 c:/ac6/systemworkbench/plugins/fr.ac6.mcu.externaltools.arm-none.win32_1.17.0.201812190825/tools/compiler/bin/../lib/gcc/arm-none-eabi/7.3.1/thumb/v6-m\libgcc.a(divdf3.o)
                0x080016d8                __aeabi_ddiv
 .text          0x08001cdc       0x78 c:/ac6/systemworkbench/plugins/fr.ac6.mcu.externaltools.arm-none.win32_1.17.0.201812190825/tools/compiler/bin/../lib/gcc/arm-none-eabi/7.3.1/thumb/v6-m\libgcc.a(eqdf2.o)
                0x08001cdc                __nedf2
                0x08001cdc                __eqdf2
 .text          0x08001d54       0xc8 c:/ac6/systemworkbench/plugins/fr.ac6.mcu.externaltools.arm-none.win32_1.17.0.201812190825/tools/compiler/bin/../lib/gcc/arm-none-eabi/7.3.1/thumb/v6-m\libgcc.a(gedf2.o)
                0x08001d54                __gedf2
                0x08001d54                __gtdf2
 .text          0x08001e1c       0xd0 c:/ac6/systemworkbench/plugins/fr.ac6.mcu.externaltools.arm-none.win32_1.17.0.201812190825/tools/compiler/bin/../lib/gcc/arm-none-eabi/7.3.1/thumb/v6-m\libgcc.a(ledf2.o)
                0x08001e1c                __ledf2
                0x08001e1c                __ltdf2
 .text          0x08001eec      0x4e4 c:/ac6/systemworkbench/plugins/fr.ac6.mcu.externaltools.arm-none.win32_1.17.0.201812190825/tools/compiler/bin/../lib/gcc/arm-none-eabi/7.3.1/thumb/v6-m\libgcc.a(muldf3.o)
                0x08001eec                __aeabi_dmul
 .text          0x080023d0      0x690 c:/ac6/systemworkbench/plugins/fr.ac6.mcu.externaltools.arm-none.win32_1.17.0.201812190825/tools/compiler/bin/../lib/gcc/arm-none-eabi/7.3.1/thumb/v6-m\libgcc.a(subdf3.o)
                0x080023d0                __aeabi_dsub
 .text          0x08002a60       0x38 c:/ac6/systemworkbench/plugins/fr.ac6.mcu.externaltools.arm-none.win32_1.17.0.201812190825/tools/compiler/bin/../lib/gcc/arm-none-eabi/7.3.1/thumb/v6-m\libgcc.a(unorddf2.o)
                0x08002a60                __aeabi_dcmpun
 .text          0x08002a98       0x74 c:/ac6/systemworkbench/plugins/fr.ac6.mcu.externaltools.arm-none.win32_1.17.0.201812190825/tools/compiler/bin/../lib/gcc/arm-none-eabi/7.3.1/thumb/v6-m\libgcc.a(floatsidf.o)
                0x08002a98                __aeabi_i2d
 .text          0x08002b0c       0xa4 c:/ac6/systemworkbench/plugins/fr.ac6.mcu.externaltools.arm-none.win32_1.17.0.201812190825/tools/compiler/bin/../lib/gcc/arm-none-eabi/7.3.1/thumb/v6-m\libgcc.a(extendsfdf2.o)
                0x08002b0c                __aeabi_f2d
 .text          0x08002bb0      0x108 c:/ac6/systemworkbench/plugins/fr.ac6.mcu.externaltools.arm-none.win32_1.17.0.201812190825/tools/compiler/bin/../lib/gcc/arm-none-eabi/7.3.1/thumb/v6-m\libgcc.a(truncdfsf2.o)
                0x08002bb0                __aeabi_d2f
 .text          0x08002cb8       0x3c c:/ac6/systemworkbench/plugins/fr.ac6.mcu.externaltools.arm-none.win32_1.17.0.201812190825/tools/compiler/bin/../lib/gcc/arm-none-eabi/7.3.1/thumb/v6-m\libgcc.a(_clzsi2.o)
                0x08002cb8                __clzsi2
 .text          0x08002cf4      0x1b0 c:/ac6/systemworkbench/plugins/fr.ac6.mcu.externaltools.arm-none.win32_1.17.0.201812190825/tools/compiler/bin/../lib/gcc/arm-none-eabi/7.3.1/thumb/v6-m\libgcc.a(_divdi3.o)
                0x08002cf4                __divdi3
 .text          0x08002ea4       0x18 c:/ac6/systemworkbench/plugins/fr.ac6.mcu.externaltools.arm-none.win32_1.17.0.201812190825/tools/compiler/bin/../lib/gcc/arm-none-eabi/7.3.1/thumb/v6-m\libgcc.a(_clzdi2.o)
                0x08002ea4                __clzdi2
 .text          0x08002ebc        0xe c:/ac6/systemworkbench/plugins/fr.ac6.mcu.externaltools.arm-none.win32_1.17.0.201812190825/tools/compiler/bin/../lib/gcc/arm-none-eabi/7.3.1/../../../../arm-none-eabi/lib/thumb/v6-m\libc_nano.a(lib_a-strlen.o)
                0x08002ebc                strlen
 *(.text*)
 *fill*         0x08002eca        0x2 
 .text.read_register16
                0x08002ecc       0x44 Core/Src/BME280.o
 .text.read_calibration_data
                0x08002f10       0xba Core/Src/BME280.o
 *fill*         0x08002fca        0x2 
 .text.read_hum_calibration_data
                0x08002fcc       0xd0 Core/Src/BME280.o
 .text.write_register8
                0x0800309c       0x34 Core/Src/BME280.o
 .text.bmp280_init_default_params
                0x080030d0       0x12 Core/Src/BME280.o
                0x080030d0                bmp280_init_default_params
 *fill*         0x080030e2        0x2 
 .text.bmp280_init
                0x080030e4      0x11c Core/Src/BME280.o
                0x080030e4                bmp280_init
 .text.bmp280_read_fixed
                0x08003200      0x2ac Core/Src/BME280.o
                0x08003200                bmp280_read_fixed
 .text.bmp280_read_float
                0x080034ac       0x5c Core/Src/BME280.o
                0x080034ac                bmp280_read_float
 .text.EPY_EPY12231_Test
                0x08003508       0x3a Core/Src/EPY12231.o
                0x08003508                EPY_EPY12231_Test
 .text.EPY12231_Init
                0x08003542       0x14 Core/Src/EPY12231.o
                0x08003542                EPY12231_Init
 .text.EPY12231_FIFO_Read_Full
                0x08003556       0x96 Core/Src/EPY12231.o
                0x08003556                EPY12231_FIFO_Read_Full
 .text.EPY_EPY12231_FIFO_Clear
                0x080035ec       0x3a Core/Src/EPY12231.o
                0x080035ec                EPY_EPY12231_FIFO_Clear
 .text.EPY_EPY12231_FIFO_Reset
                0x08003626       0x3a Core/Src/EPY12231.o
                0x08003626                EPY_EPY12231_FIFO_Reset
 .text.CO2_read
                0x08003660       0x84 Core/Src/EPY12231.o
                0x08003660                CO2_read
 .text.EPY12231_CH_Write
                0x080036e4       0xc8 Core/Src/EPY12231.o
                0x080036e4                EPY12231_CH_Write
 .text.EPY12231_Ana_Write
                0x080037ac       0xcc Core/Src/EPY12231.o
                0x080037ac                EPY12231_Ana_Write
 .text.Response_callback
                0x08003878       0x98 Core/Src/Funcionality.o
                0x08003878                Response_callback
 .text.LoRa_init
                0x08003910       0x10 Core/Src/Funcionality.o
                0x08003910                LoRa_init
 .text.Callback_init
                0x08003920       0x4c Core/Src/Funcionality.o
                0x08003920                Callback_init
 .text.Struct_init
                0x0800396c       0x10 Core/Src/Funcionality.o
                0x0800396c                Struct_init
 .text.format   0x0800397c      0x170 Core/Src/Funcionality.o
                0x0800397c                format
 .text.CO2      0x08003aec       0x34 Core/Src/Init.o
                0x08003aec                CO2
 .text.bmp280i  0x08003b20       0x28 Core/Src/Init.o
                0x08003b20                bmp280i
 .text.MX_GPIO_Init
                0x08003b48       0x7c Core/Src/Init.o
                0x08003b48                MX_GPIO_Init
 .text.MX_TIM14_Init
                0x08003bc4       0x30 Core/Src/Init.o
                0x08003bc4                MX_TIM14_Init
 .text.Error_Handler
                0x08003bf4        0x2 Core/Src/Init.o
                0x08003bf4                Error_Handler
 *fill*         0x08003bf6        0x2 
 .text.SystemClock_Config
                0x08003bf8       0xa8 Core/Src/Init.o
                0x08003bf8                SystemClock_Config
 .text.MX_USART1_UART_Init
                0x08003ca0       0x68 Core/Src/Init.o
                0x08003ca0                MX_USART1_UART_Init
 .text.MX_USART2_UART_Init
                0x08003d08       0x3c Core/Src/Init.o
                0x08003d08                MX_USART2_UART_Init
 .text.MX_I2C1_Init
                0x08003d44       0x58 Core/Src/Init.o
                0x08003d44                MX_I2C1_Init
 .text.MX_RTC_Init
                0x08003d9c       0x38 Core/Src/Init.o
                0x08003d9c                MX_RTC_Init
 .text.process_temp_code
                0x08003dd4       0x38 Core/Src/Si7021.o
 .text.process_humi_code
                0x08003e0c       0x58 Core/Src/Si7021.o
 .text.convert_to_uint16
                0x08003e64        0xa Core/Src/Si7021.o
 *fill*         0x08003e6e        0x2 
 .text.r_both_Si7021
                0x08003e70       0xa4 Core/Src/Si7021.o
                0x08003e70                r_both_Si7021
 .text.reverse  0x08003f14       0x1e Core/Src/ftoa.o
                0x08003f14                reverse
 .text.intToStr
                0x08003f32       0x50 Core/Src/ftoa.o
                0x08003f32                intToStr
 *fill*         0x08003f82        0x2 
 .text.ftoa     0x08003f84       0x74 Core/Src/ftoa.o
                0x08003f84                ftoa
 .text.HAL_UART_RxCpltCallback
                0x08003ff8       0xb4 Core/Src/main.o
                0x08003ff8                HAL_UART_RxCpltCallback
 .text.Init_functions
                0x080040ac       0x54 Core/Src/main.o
                0x080040ac                Init_functions
 .text.Read_sensors
                0x08004100       0xbc Core/Src/main.o
                0x08004100                Read_sensors
 .text.main     0x080041bc       0x28 Core/Src/main.o
                0x080041bc                main
 .text.HAL_MspInit
                0x080041e4       0x30 Core/Src/stm32g0xx_hal_msp.o
                0x080041e4                HAL_MspInit
 .text.HAL_I2C_MspInit
                0x08004214       0x6c Core/Src/stm32g0xx_hal_msp.o
                0x08004214                HAL_I2C_MspInit
 .text.HAL_RTC_MspInit
                0x08004280       0x48 Core/Src/stm32g0xx_hal_msp.o
                0x08004280                HAL_RTC_MspInit
 .text.HAL_TIM_Base_MspInit
                0x080042c8       0x2c Core/Src/stm32g0xx_hal_msp.o
                0x080042c8                HAL_TIM_Base_MspInit
 .text.HAL_UART_MspInit
                0x080042f4       0xb4 Core/Src/stm32g0xx_hal_msp.o
                0x080042f4                HAL_UART_MspInit
 .text.NMI_Handler
                0x080043a8        0x2 Core/Src/stm32g0xx_it.o
                0x080043a8                NMI_Handler
 .text.HardFault_Handler
                0x080043aa        0x2 Core/Src/stm32g0xx_it.o
                0x080043aa                HardFault_Handler
 .text.SVC_Handler
                0x080043ac        0x2 Core/Src/stm32g0xx_it.o
                0x080043ac                SVC_Handler
 .text.PendSV_Handler
                0x080043ae        0x2 Core/Src/stm32g0xx_it.o
                0x080043ae                PendSV_Handler
 .text.SysTick_Handler
                0x080043b0        0x8 Core/Src/stm32g0xx_it.o
                0x080043b0                SysTick_Handler
 .text.RTC_TAMP_IRQHandler
                0x080043b8       0x10 Core/Src/stm32g0xx_it.o
                0x080043b8                RTC_TAMP_IRQHandler
 .text.USART2_IRQHandler
                0x080043c8       0x10 Core/Src/stm32g0xx_it.o
                0x080043c8                USART2_IRQHandler
 .text.SystemInit
                0x080043d8       0x10 Core/Src/system_stm32g0xx.o
                0x080043d8                SystemInit
 .text.HAL_InitTick
                0x080043e8       0x54 Drivers/STM32G0xx_HAL_Driver/Src/stm32g0xx_hal.o
                0x080043e8                HAL_InitTick
 .text.HAL_Init
                0x0800443c       0x28 Drivers/STM32G0xx_HAL_Driver/Src/stm32g0xx_hal.o
                0x0800443c                HAL_Init
 .text.HAL_IncTick
                0x08004464       0x18 Drivers/STM32G0xx_HAL_Driver/Src/stm32g0xx_hal.o
                0x08004464                HAL_IncTick
 .text.HAL_GetTick
                0x0800447c        0xc Drivers/STM32G0xx_HAL_Driver/Src/stm32g0xx_hal.o
                0x0800447c                HAL_GetTick
 .text.HAL_Delay
                0x08004488       0x24 Drivers/STM32G0xx_HAL_Driver/Src/stm32g0xx_hal.o
                0x08004488                HAL_Delay
 .text.HAL_NVIC_SetPriority
                0x080044ac       0x64 Drivers/STM32G0xx_HAL_Driver/Src/stm32g0xx_hal_cortex.o
                0x080044ac                HAL_NVIC_SetPriority
 .text.HAL_NVIC_EnableIRQ
                0x08004510       0x18 Drivers/STM32G0xx_HAL_Driver/Src/stm32g0xx_hal_cortex.o
                0x08004510                HAL_NVIC_EnableIRQ
 .text.HAL_SYSTICK_Config
                0x08004528       0x38 Drivers/STM32G0xx_HAL_Driver/Src/stm32g0xx_hal_cortex.o
                0x08004528                HAL_SYSTICK_Config
 .text.HAL_DMA_Abort
                0x08004560       0x80 Drivers/STM32G0xx_HAL_Driver/Src/stm32g0xx_hal_dma.o
                0x08004560                HAL_DMA_Abort
 .text.HAL_DMA_Abort_IT
                0x080045e0       0x80 Drivers/STM32G0xx_HAL_Driver/Src/stm32g0xx_hal_dma.o
                0x080045e0                HAL_DMA_Abort_IT
 .text.HAL_GPIO_Init
                0x08004660      0x174 Drivers/STM32G0xx_HAL_Driver/Src/stm32g0xx_hal_gpio.o
                0x08004660                HAL_GPIO_Init
 .text.HAL_GPIO_WritePin
                0x080047d4        0xc Drivers/STM32G0xx_HAL_Driver/Src/stm32g0xx_hal_gpio.o
                0x080047d4                HAL_GPIO_WritePin
 .text.I2C_Flush_TXDR
                0x080047e0       0x1e Drivers/STM32G0xx_HAL_Driver/Src/stm32g0xx_hal_i2c.o
 *fill*         0x080047fe        0x2 
 .text.I2C_TransferConfig
                0x08004800       0x2c Drivers/STM32G0xx_HAL_Driver/Src/stm32g0xx_hal_i2c.o
 .text.I2C_IsAcknowledgeFailed
                0x0800482c       0x80 Drivers/STM32G0xx_HAL_Driver/Src/stm32g0xx_hal_i2c.o
 .text.I2C_WaitOnTXISFlagUntilTimeout
                0x080048ac       0x52 Drivers/STM32G0xx_HAL_Driver/Src/stm32g0xx_hal_i2c.o
 .text.I2C_WaitOnFlagUntilTimeout
                0x080048fe       0x4c Drivers/STM32G0xx_HAL_Driver/Src/stm32g0xx_hal_i2c.o
 *fill*         0x0800494a        0x2 
 .text.I2C_RequestMemoryWrite
                0x0800494c       0x74 Drivers/STM32G0xx_HAL_Driver/Src/stm32g0xx_hal_i2c.o
 .text.I2C_RequestMemoryRead
                0x080049c0       0x70 Drivers/STM32G0xx_HAL_Driver/Src/stm32g0xx_hal_i2c.o
 .text.I2C_WaitOnSTOPFlagUntilTimeout
                0x08004a30       0x4e Drivers/STM32G0xx_HAL_Driver/Src/stm32g0xx_hal_i2c.o
 *fill*         0x08004a7e        0x2 
 .text.I2C_WaitOnRXNEFlagUntilTimeout
                0x08004a80       0x84 Drivers/STM32G0xx_HAL_Driver/Src/stm32g0xx_hal_i2c.o
 .text.HAL_I2C_Init
                0x08004b04       0xcc Drivers/STM32G0xx_HAL_Driver/Src/stm32g0xx_hal_i2c.o
                0x08004b04                HAL_I2C_Init
 .text.HAL_I2C_Master_Transmit
                0x08004bd0      0x16c Drivers/STM32G0xx_HAL_Driver/Src/stm32g0xx_hal_i2c.o
                0x08004bd0                HAL_I2C_Master_Transmit
 .text.HAL_I2C_Master_Receive
                0x08004d3c      0x16c Drivers/STM32G0xx_HAL_Driver/Src/stm32g0xx_hal_i2c.o
                0x08004d3c                HAL_I2C_Master_Receive
 .text.HAL_I2C_Mem_Write
                0x08004ea8      0x1a0 Drivers/STM32G0xx_HAL_Driver/Src/stm32g0xx_hal_i2c.o
                0x08004ea8                HAL_I2C_Mem_Write
 .text.HAL_I2C_Mem_Read
                0x08005048      0x1a8 Drivers/STM32G0xx_HAL_Driver/Src/stm32g0xx_hal_i2c.o
                0x08005048                HAL_I2C_Mem_Read
 .text.HAL_I2C_IsDeviceReady
                0x080051f0      0x180 Drivers/STM32G0xx_HAL_Driver/Src/stm32g0xx_hal_i2c.o
                0x080051f0                HAL_I2C_IsDeviceReady
 .text.HAL_I2CEx_ConfigAnalogFilter
                0x08005370       0x58 Drivers/STM32G0xx_HAL_Driver/Src/stm32g0xx_hal_i2c_ex.o
                0x08005370                HAL_I2CEx_ConfigAnalogFilter
 .text.HAL_I2CEx_ConfigDigitalFilter
                0x080053c8       0x54 Drivers/STM32G0xx_HAL_Driver/Src/stm32g0xx_hal_i2c_ex.o
                0x080053c8                HAL_I2CEx_ConfigDigitalFilter
 .text.HAL_PWREx_ControlVoltageScaling
                0x0800541c       0x54 Drivers/STM32G0xx_HAL_Driver/Src/stm32g0xx_hal_pwr_ex.o
                0x0800541c                HAL_PWREx_ControlVoltageScaling
 .text.HAL_RCC_OscConfig
                0x08005470      0x4ac Drivers/STM32G0xx_HAL_Driver/Src/stm32g0xx_hal_rcc.o
                0x08005470                HAL_RCC_OscConfig
 .text.HAL_RCC_GetSysClockFreq
                0x0800591c       0xbc Drivers/STM32G0xx_HAL_Driver/Src/stm32g0xx_hal_rcc.o
                0x0800591c                HAL_RCC_GetSysClockFreq
 .text.HAL_RCC_ClockConfig
                0x080059d8      0x18c Drivers/STM32G0xx_HAL_Driver/Src/stm32g0xx_hal_rcc.o
                0x080059d8                HAL_RCC_ClockConfig
 .text.HAL_RCC_GetHCLKFreq
                0x08005b64        0xc Drivers/STM32G0xx_HAL_Driver/Src/stm32g0xx_hal_rcc.o
                0x08005b64                HAL_RCC_GetHCLKFreq
 .text.HAL_RCC_GetPCLK1Freq
                0x08005b70       0x28 Drivers/STM32G0xx_HAL_Driver/Src/stm32g0xx_hal_rcc.o
                0x08005b70                HAL_RCC_GetPCLK1Freq
 .text.HAL_RCCEx_PeriphCLKConfig
                0x08005b98      0x178 Drivers/STM32G0xx_HAL_Driver/Src/stm32g0xx_hal_rcc_ex.o
                0x08005b98                HAL_RCCEx_PeriphCLKConfig
 .text.HAL_RTC_WaitForSynchro
                0x08005d10       0x32 Drivers/STM32G0xx_HAL_Driver/Src/stm32g0xx_hal_rtc.o
                0x08005d10                HAL_RTC_WaitForSynchro
 .text.RTC_EnterInitMode
                0x08005d42       0x46 Drivers/STM32G0xx_HAL_Driver/Src/stm32g0xx_hal_rtc.o
                0x08005d42                RTC_EnterInitMode
 .text.RTC_ExitInitMode
                0x08005d88       0x50 Drivers/STM32G0xx_HAL_Driver/Src/stm32g0xx_hal_rtc.o
                0x08005d88                RTC_ExitInitMode
 .text.HAL_RTC_Init
                0x08005dd8       0xac Drivers/STM32G0xx_HAL_Driver/Src/stm32g0xx_hal_rtc.o
                0x08005dd8                HAL_RTC_Init
 .text.HAL_RTCEx_WakeUpTimerEventCallback
                0x08005e84        0x2 Drivers/STM32G0xx_HAL_Driver/Src/stm32g0xx_hal_rtc_ex.o
                0x08005e84                HAL_RTCEx_WakeUpTimerEventCallback
 .text.HAL_RTCEx_WakeUpTimerIRQHandler
                0x08005e86       0x22 Drivers/STM32G0xx_HAL_Driver/Src/stm32g0xx_hal_rtc_ex.o
                0x08005e86                HAL_RTCEx_WakeUpTimerIRQHandler
 .text.TIM_Base_SetConfig
                0x08005ea8       0x84 Drivers/STM32G0xx_HAL_Driver/Src/stm32g0xx_hal_tim.o
                0x08005ea8                TIM_Base_SetConfig
 .text.HAL_TIM_Base_Init
                0x08005f2c       0x60 Drivers/STM32G0xx_HAL_Driver/Src/stm32g0xx_hal_tim.o
                0x08005f2c                HAL_TIM_Base_Init
 .text.UART_EndRxTransfer
                0x08005f8c       0x3c Drivers/STM32G0xx_HAL_Driver/Src/stm32g0xx_hal_uart.o
 .text.HAL_UART_TxCpltCallback
                0x08005fc8        0x2 Drivers/STM32G0xx_HAL_Driver/Src/stm32g0xx_hal_uart.o
                0x08005fc8                HAL_UART_TxCpltCallback
 .text.UART_EndTransmit_IT
                0x08005fca       0x1c Drivers/STM32G0xx_HAL_Driver/Src/stm32g0xx_hal_uart.o
 .text.HAL_UART_ErrorCallback
                0x08005fe6        0x2 Drivers/STM32G0xx_HAL_Driver/Src/stm32g0xx_hal_uart.o
                0x08005fe6                HAL_UART_ErrorCallback
 .text.UART_DMAAbortOnError
                0x08005fe8       0x14 Drivers/STM32G0xx_HAL_Driver/Src/stm32g0xx_hal_uart.o
 .text.HAL_UARTEx_RxEventCallback
                0x08005ffc        0x2 Drivers/STM32G0xx_HAL_Driver/Src/stm32g0xx_hal_uart.o
                0x08005ffc                HAL_UARTEx_RxEventCallback
 *fill*         0x08005ffe        0x2 
 .text.HAL_UART_IRQHandler
                0x08006000      0x290 Drivers/STM32G0xx_HAL_Driver/Src/stm32g0xx_hal_uart.o
                0x08006000                HAL_UART_IRQHandler
 .text.UART_RxISR_8BIT
                0x08006290       0x88 Drivers/STM32G0xx_HAL_Driver/Src/stm32g0xx_hal_uart.o
 .text.UART_RxISR_16BIT
                0x08006318       0x88 Drivers/STM32G0xx_HAL_Driver/Src/stm32g0xx_hal_uart.o
 .text.UART_RxISR_8BIT_FIFOEN
                0x080063a0      0x154 Drivers/STM32G0xx_HAL_Driver/Src/stm32g0xx_hal_uart.o
 .text.UART_RxISR_16BIT_FIFOEN
                0x080064f4      0x154 Drivers/STM32G0xx_HAL_Driver/Src/stm32g0xx_hal_uart.o
 .text.UART_SetConfig
                0x08006648      0x1b0 Drivers/STM32G0xx_HAL_Driver/Src/stm32g0xx_hal_uart.o
                0x08006648                UART_SetConfig
 .text.UART_AdvFeatureConfig
                0x080067f8       0xe0 Drivers/STM32G0xx_HAL_Driver/Src/stm32g0xx_hal_uart.o
                0x080067f8                UART_AdvFeatureConfig
 .text.UART_WaitOnFlagUntilTimeout
                0x080068d8       0xac Drivers/STM32G0xx_HAL_Driver/Src/stm32g0xx_hal_uart.o
                0x080068d8                UART_WaitOnFlagUntilTimeout
 .text.HAL_UART_Transmit
                0x08006984       0xf4 Drivers/STM32G0xx_HAL_Driver/Src/stm32g0xx_hal_uart.o
                0x08006984                HAL_UART_Transmit
 .text.UART_CheckIdleState
                0x08006a78       0x74 Drivers/STM32G0xx_HAL_Driver/Src/stm32g0xx_hal_uart.o
                0x08006a78                UART_CheckIdleState
 .text.HAL_UART_Init
                0x08006aec       0x70 Drivers/STM32G0xx_HAL_Driver/Src/stm32g0xx_hal_uart.o
                0x08006aec                HAL_UART_Init
 .text.UART_Start_Receive_IT
                0x08006b5c      0x110 Drivers/STM32G0xx_HAL_Driver/Src/stm32g0xx_hal_uart.o
                0x08006b5c                UART_Start_Receive_IT
 .text.HAL_UART_Receive_IT
                0x08006c6c       0x52 Drivers/STM32G0xx_HAL_Driver/Src/stm32g0xx_hal_uart.o
                0x08006c6c                HAL_UART_Receive_IT
 *fill*         0x08006cbe        0x2 
 .text.UARTEx_SetNbDataToProcess
                0x08006cc0       0x64 Drivers/STM32G0xx_HAL_Driver/Src/stm32g0xx_hal_uart_ex.o
 .text.HAL_UARTEx_WakeupCallback
                0x08006d24        0x2 Drivers/STM32G0xx_HAL_Driver/Src/stm32g0xx_hal_uart_ex.o
                0x08006d24                HAL_UARTEx_WakeupCallback
 .text.HAL_UARTEx_RxFifoFullCallback
                0x08006d26        0x2 Drivers/STM32G0xx_HAL_Driver/Src/stm32g0xx_hal_uart_ex.o
                0x08006d26                HAL_UARTEx_RxFifoFullCallback
 .text.HAL_UARTEx_TxFifoEmptyCallback
                0x08006d28        0x2 Drivers/STM32G0xx_HAL_Driver/Src/stm32g0xx_hal_uart_ex.o
                0x08006d28                HAL_UARTEx_TxFifoEmptyCallback
 *fill*         0x08006d2a        0x2 
 .text.HAL_UARTEx_DisableFifoMode
                0x08006d2c       0x40 Drivers/STM32G0xx_HAL_Driver/Src/stm32g0xx_hal_uart_ex.o
                0x08006d2c                HAL_UARTEx_DisableFifoMode
 .text.HAL_UARTEx_SetTxFifoThreshold
                0x08006d6c       0x48 Drivers/STM32G0xx_HAL_Driver/Src/stm32g0xx_hal_uart_ex.o
                0x08006d6c                HAL_UARTEx_SetTxFifoThreshold
 .text.HAL_UARTEx_SetRxFifoThreshold
                0x08006db4       0x4c Drivers/STM32G0xx_HAL_Driver/Src/stm32g0xx_hal_uart_ex.o
                0x08006db4                HAL_UARTEx_SetRxFifoThreshold
 .text.Reset_Handler
                0x08006e00       0x50 startup/startup_stm32g030xx.o
                0x08006e00                Reset_Handler
 .text.Default_Handler
                0x08006e50        0x2 startup/startup_stm32g030xx.o
                0x08006e50                TIM1_CC_IRQHandler
                0x08006e50                I2C1_IRQHandler
                0x08006e50                SPI1_IRQHandler
                0x08006e50                DMA1_Ch4_5_DMAMUX1_OVR_IRQHandler
                0x08006e50                EXTI2_3_IRQHandler
                0x08006e50                ADC1_IRQHandler
                0x08006e50                I2C2_IRQHandler
                0x08006e50                TIM17_IRQHandler
                0x08006e50                TIM16_IRQHandler
                0x08006e50                TIM3_IRQHandler
                0x08006e50                EXTI4_15_IRQHandler
                0x08006e50                RCC_IRQHandler
                0x08006e50                DMA1_Channel1_IRQHandler
                0x08006e50                Default_Handler
                0x08006e50                TIM14_IRQHandler
                0x08006e50                EXTI0_1_IRQHandler
                0x08006e50                SPI2_IRQHandler
                0x08006e50                WWDG_IRQHandler
                0x08006e50                DMA1_Channel2_3_IRQHandler
                0x08006e50                FLASH_IRQHandler
                0x08006e50                USART1_IRQHandler
                0x08006e50                TIM1_BRK_UP_TRG_COM_IRQHandler
 *fill*         0x08006e52        0x2 
 .text.pow      0x08006e54      0x374 c:/ac6/systemworkbench/plugins/fr.ac6.mcu.externaltools.arm-none.win32_1.17.0.201812190825/tools/compiler/bin/../lib/gcc/arm-none-eabi/7.3.1/../../../../arm-none-eabi/lib/thumb/v6-m\libm.a(lib_a-w_pow.o)
                0x08006e54                pow
 .text.__ieee754_pow
                0x080071c8      0xacc c:/ac6/systemworkbench/plugins/fr.ac6.mcu.externaltools.arm-none.win32_1.17.0.201812190825/tools/compiler/bin/../lib/gcc/arm-none-eabi/7.3.1/../../../../arm-none-eabi/lib/thumb/v6-m\libm.a(lib_a-e_pow.o)
                0x080071c8                __ieee754_pow
 .text.__ieee754_sqrt
                0x08007c94      0x1b0 c:/ac6/systemworkbench/plugins/fr.ac6.mcu.externaltools.arm-none.win32_1.17.0.201812190825/tools/compiler/bin/../lib/gcc/arm-none-eabi/7.3.1/../../../../arm-none-eabi/lib/thumb/v6-m\libm.a(lib_a-e_sqrt.o)
                0x08007c94                __ieee754_sqrt
 .text.fabs     0x08007e44        0x8 c:/ac6/systemworkbench/plugins/fr.ac6.mcu.externaltools.arm-none.win32_1.17.0.201812190825/tools/compiler/bin/../lib/gcc/arm-none-eabi/7.3.1/../../../../arm-none-eabi/lib/thumb/v6-m\libm.a(lib_a-s_fabs.o)
                0x08007e44                fabs
 .text.finite   0x08007e4c       0x14 c:/ac6/systemworkbench/plugins/fr.ac6.mcu.externaltools.arm-none.win32_1.17.0.201812190825/tools/compiler/bin/../lib/gcc/arm-none-eabi/7.3.1/../../../../arm-none-eabi/lib/thumb/v6-m\libm.a(lib_a-s_finite.o)
                0x08007e4c                finite
 .text.matherr  0x08007e60        0x4 c:/ac6/systemworkbench/plugins/fr.ac6.mcu.externaltools.arm-none.win32_1.17.0.201812190825/tools/compiler/bin/../lib/gcc/arm-none-eabi/7.3.1/../../../../arm-none-eabi/lib/thumb/v6-m\libm.a(lib_a-s_matherr.o)
                0x08007e60                matherr
 .text.nan      0x08007e64        0xc c:/ac6/systemworkbench/plugins/fr.ac6.mcu.externaltools.arm-none.win32_1.17.0.201812190825/tools/compiler/bin/../lib/gcc/arm-none-eabi/7.3.1/../../../../arm-none-eabi/lib/thumb/v6-m\libm.a(lib_a-s_nan.o)
                0x08007e64                nan
 .text.rint     0x08007e70      0x120 c:/ac6/systemworkbench/plugins/fr.ac6.mcu.externaltools.arm-none.win32_1.17.0.201812190825/tools/compiler/bin/../lib/gcc/arm-none-eabi/7.3.1/../../../../arm-none-eabi/lib/thumb/v6-m\libm.a(lib_a-s_rint.o)
                0x08007e70                rint
 .text.scalbn   0x08007f90       0xd0 c:/ac6/systemworkbench/plugins/fr.ac6.mcu.externaltools.arm-none.win32_1.17.0.201812190825/tools/compiler/bin/../lib/gcc/arm-none-eabi/7.3.1/../../../../arm-none-eabi/lib/thumb/v6-m\libm.a(lib_a-s_scalbn.o)
                0x08007f90                scalbn
 .text.copysign
                0x08008060       0x10 c:/ac6/systemworkbench/plugins/fr.ac6.mcu.externaltools.arm-none.win32_1.17.0.201812190825/tools/compiler/bin/../lib/gcc/arm-none-eabi/7.3.1/../../../../arm-none-eabi/lib/thumb/v6-m\libm.a(lib_a-s_copysign.o)
                0x08008060                copysign
 .text.__errno  0x08008070        0xc c:/ac6/systemworkbench/plugins/fr.ac6.mcu.externaltools.arm-none.win32_1.17.0.201812190825/tools/compiler/bin/../lib/gcc/arm-none-eabi/7.3.1/../../../../arm-none-eabi/lib/thumb/v6-m\libc_nano.a(lib_a-errno.o)
                0x08008070                __errno
 .text.__libc_init_array
                0x0800807c       0x48 c:/ac6/systemworkbench/plugins/fr.ac6.mcu.externaltools.arm-none.win32_1.17.0.201812190825/tools/compiler/bin/../lib/gcc/arm-none-eabi/7.3.1/../../../../arm-none-eabi/lib/thumb/v6-m\libc_nano.a(lib_a-init.o)
                0x0800807c                __libc_init_array
 .text.memcpy   0x080080c4       0x12 c:/ac6/systemworkbench/plugins/fr.ac6.mcu.externaltools.arm-none.win32_1.17.0.201812190825/tools/compiler/bin/../lib/gcc/arm-none-eabi/7.3.1/../../../../arm-none-eabi/lib/thumb/v6-m\libc_nano.a(lib_a-memcpy-stub.o)
                0x080080c4                memcpy
 .text.memset   0x080080d6       0x10 c:/ac6/systemworkbench/plugins/fr.ac6.mcu.externaltools.arm-none.win32_1.17.0.201812190825/tools/compiler/bin/../lib/gcc/arm-none-eabi/7.3.1/../../../../arm-none-eabi/lib/thumb/v6-m\libc_nano.a(lib_a-memset.o)
                0x080080d6                memset
 .text.strncat  0x080080e6       0x2c c:/ac6/systemworkbench/plugins/fr.ac6.mcu.externaltools.arm-none.win32_1.17.0.201812190825/tools/compiler/bin/../lib/gcc/arm-none-eabi/7.3.1/../../../../arm-none-eabi/lib/thumb/v6-m\libc_nano.a(lib_a-strncat.o)
                0x080080e6                strncat
 *(.glue_7)
 .glue_7        0x08008112        0x0 linker stubs
 *(.glue_7t)
 .glue_7t       0x08008112        0x0 linker stubs
 *(.eh_frame)
 *fill*         0x08008112        0x2 
 .eh_frame      0x08008114        0x0 c:/ac6/systemworkbench/plugins/fr.ac6.mcu.externaltools.arm-none.win32_1.17.0.201812190825/tools/compiler/bin/../lib/gcc/arm-none-eabi/7.3.1/thumb/v6-m/crtbegin.o
 *(.init)
 .init          0x08008114        0x4 c:/ac6/systemworkbench/plugins/fr.ac6.mcu.externaltools.arm-none.win32_1.17.0.201812190825/tools/compiler/bin/../lib/gcc/arm-none-eabi/7.3.1/thumb/v6-m/crti.o
                0x08008114                _init
 .init          0x08008118        0x8 c:/ac6/systemworkbench/plugins/fr.ac6.mcu.externaltools.arm-none.win32_1.17.0.201812190825/tools/compiler/bin/../lib/gcc/arm-none-eabi/7.3.1/thumb/v6-m/crtn.o
 *(.fini)
 .fini          0x08008120        0x4 c:/ac6/systemworkbench/plugins/fr.ac6.mcu.externaltools.arm-none.win32_1.17.0.201812190825/tools/compiler/bin/../lib/gcc/arm-none-eabi/7.3.1/thumb/v6-m/crti.o
                0x08008120                _fini
 .fini          0x08008124        0x8 c:/ac6/systemworkbench/plugins/fr.ac6.mcu.externaltools.arm-none.win32_1.17.0.201812190825/tools/compiler/bin/../lib/gcc/arm-none-eabi/7.3.1/thumb/v6-m/crtn.o
                0x0800812c                . = ALIGN (0x4)
                0x0800812c                _etext = .

.vfp11_veneer   0x0800812c        0x0
 .vfp11_veneer  0x0800812c        0x0 linker stubs

.v4_bx          0x0800812c        0x0
 .v4_bx         0x0800812c        0x0 linker stubs

.iplt           0x0800812c        0x0
 .iplt          0x0800812c        0x0 c:/ac6/systemworkbench/plugins/fr.ac6.mcu.externaltools.arm-none.win32_1.17.0.201812190825/tools/compiler/bin/../lib/gcc/arm-none-eabi/7.3.1/thumb/v6-m/crtbegin.o

.rodata         0x08008130      0x240
                0x08008130                . = ALIGN (0x4)
 *(.rodata)
 .rodata        0x08008130       0x60 Core/Src/system_stm32g0xx.o
                0x08008130                AHBPrescTable
                0x08008170                APBPrescTable
 .rodata        0x08008190       0x18 Drivers/STM32G0xx_HAL_Driver/Src/stm32g0xx_hal_uart.o
                0x08008190                UARTPrescTable
 .rodata        0x080081a8       0x10 Drivers/STM32G0xx_HAL_Driver/Src/stm32g0xx_hal_uart_ex.o
 .rodata        0x080081b8       0x80 c:/ac6/systemworkbench/plugins/fr.ac6.mcu.externaltools.arm-none.win32_1.17.0.201812190825/tools/compiler/bin/../lib/gcc/arm-none-eabi/7.3.1/thumb/v6-m\libgcc.a(divsf3.o)
 .rodata        0x08008238       0x40 c:/ac6/systemworkbench/plugins/fr.ac6.mcu.externaltools.arm-none.win32_1.17.0.201812190825/tools/compiler/bin/../lib/gcc/arm-none-eabi/7.3.1/thumb/v6-m\libgcc.a(mulsf3.o)
 .rodata        0x08008278       0x40 c:/ac6/systemworkbench/plugins/fr.ac6.mcu.externaltools.arm-none.win32_1.17.0.201812190825/tools/compiler/bin/../lib/gcc/arm-none-eabi/7.3.1/thumb/v6-m\libgcc.a(divdf3.o)
 .rodata        0x080082b8       0x40 c:/ac6/systemworkbench/plugins/fr.ac6.mcu.externaltools.arm-none.win32_1.17.0.201812190825/tools/compiler/bin/../lib/gcc/arm-none-eabi/7.3.1/thumb/v6-m\libgcc.a(muldf3.o)
 *(.rodata*)
 .rodata.str1.4
                0x080082f8       0x36 Core/Src/Funcionality.o
 *fill*         0x0800832e        0x2 
 .rodata.str1.4
                0x08008330       0x2b Core/Src/main.o
                                 0x33 (size before relaxing)
 *fill*         0x0800835b        0x1 
 .rodata.pow.str1.4
                0x0800835c        0x4 c:/ac6/systemworkbench/plugins/fr.ac6.mcu.externaltools.arm-none.win32_1.17.0.201812190825/tools/compiler/bin/../lib/gcc/arm-none-eabi/7.3.1/../../../../arm-none-eabi/lib/thumb/v6-m\libm.a(lib_a-w_pow.o)
 .rodata.__ieee754_pow.str1.4
                0x08008360        0x4 c:/ac6/systemworkbench/plugins/fr.ac6.mcu.externaltools.arm-none.win32_1.17.0.201812190825/tools/compiler/bin/../lib/gcc/arm-none-eabi/7.3.1/../../../../arm-none-eabi/lib/thumb/v6-m\libm.a(lib_a-e_pow.o)
                                  0x1 (size before relaxing)
 .rodata.TWO52  0x08008360       0x10 c:/ac6/systemworkbench/plugins/fr.ac6.mcu.externaltools.arm-none.win32_1.17.0.201812190825/tools/compiler/bin/../lib/gcc/arm-none-eabi/7.3.1/../../../../arm-none-eabi/lib/thumb/v6-m\libm.a(lib_a-s_rint.o)
                0x08008370                . = ALIGN (0x4)

.ARM.extab
 *(.ARM.extab* .gnu.linkonce.armextab.*)

.ARM            0x08008370        0x8
                0x08008370                __exidx_start = .
 *(.ARM.exidx*)
 .ARM.exidx     0x08008370        0x8 c:/ac6/systemworkbench/plugins/fr.ac6.mcu.externaltools.arm-none.win32_1.17.0.201812190825/tools/compiler/bin/../lib/gcc/arm-none-eabi/7.3.1/thumb/v6-m\libgcc.a(_divdi3.o)
                0x08008378                __exidx_end = .

.rel.dyn        0x08008378        0x0
 .rel.iplt      0x08008378        0x0 c:/ac6/systemworkbench/plugins/fr.ac6.mcu.externaltools.arm-none.win32_1.17.0.201812190825/tools/compiler/bin/../lib/gcc/arm-none-eabi/7.3.1/thumb/v6-m/crtbegin.o

.preinit_array  0x08008378        0x0
                0x08008378                PROVIDE (__preinit_array_start = .)
 *(.preinit_array*)
                0x08008378                PROVIDE (__preinit_array_end = .)

.init_array     0x08008378        0x4
                0x08008378                PROVIDE (__init_array_start = .)
 *(SORT_BY_NAME(.init_array.*))
 *(.init_array*)
 .init_array    0x08008378        0x4 c:/ac6/systemworkbench/plugins/fr.ac6.mcu.externaltools.arm-none.win32_1.17.0.201812190825/tools/compiler/bin/../lib/gcc/arm-none-eabi/7.3.1/thumb/v6-m/crtbegin.o
                0x0800837c                PROVIDE (__init_array_end = .)

.fini_array     0x0800837c        0x4
                [!provide]                PROVIDE (__fini_array_start = .)
 *(SORT_BY_NAME(.fini_array.*))
 *(.fini_array*)
 .fini_array    0x0800837c        0x4 c:/ac6/systemworkbench/plugins/fr.ac6.mcu.externaltools.arm-none.win32_1.17.0.201812190825/tools/compiler/bin/../lib/gcc/arm-none-eabi/7.3.1/thumb/v6-m/crtbegin.o
                [!provide]                PROVIDE (__fini_array_end = .)
                0x08008380                _sidata = LOADADDR (.data)

.data           0x20000000       0x7c load address 0x08008380
                0x20000000                . = ALIGN (0x4)
                0x20000000                _sdata = .
 *(.data)
 .data          0x20000000        0x8 Core/Src/main.o
                0x20000000                ptemp
                0x20000004                phum
 .data          0x20000008        0x4 Core/Src/system_stm32g0xx.o
                0x20000008                SystemCoreClock
 .data          0x2000000c        0x8 Drivers/STM32G0xx_HAL_Driver/Src/stm32g0xx_hal.o
                0x2000000c                uwTickFreq
                0x20000010                uwTickPrio
 *(.data*)
 .data.__fdlib_version
                0x20000014        0x1 c:/ac6/systemworkbench/plugins/fr.ac6.mcu.externaltools.arm-none.win32_1.17.0.201812190825/tools/compiler/bin/../lib/gcc/arm-none-eabi/7.3.1/../../../../arm-none-eabi/lib/thumb/v6-m\libm.a(lib_a-s_lib_ver.o)
                0x20000014                __fdlib_version
 *fill*         0x20000015        0x3 
 .data._impure_ptr
                0x20000018        0x4 c:/ac6/systemworkbench/plugins/fr.ac6.mcu.externaltools.arm-none.win32_1.17.0.201812190825/tools/compiler/bin/../lib/gcc/arm-none-eabi/7.3.1/../../../../arm-none-eabi/lib/thumb/v6-m\libc_nano.a(lib_a-impure.o)
                0x20000018                _impure_ptr
 .data.impure_data
                0x2000001c       0x60 c:/ac6/systemworkbench/plugins/fr.ac6.mcu.externaltools.arm-none.win32_1.17.0.201812190825/tools/compiler/bin/../lib/gcc/arm-none-eabi/7.3.1/../../../../arm-none-eabi/lib/thumb/v6-m\libc_nano.a(lib_a-impure.o)
                0x2000007c                . = ALIGN (0x4)
                0x2000007c                _edata = .

.igot.plt       0x2000007c        0x0 load address 0x080083fc
 .igot.plt      0x2000007c        0x0 c:/ac6/systemworkbench/plugins/fr.ac6.mcu.externaltools.arm-none.win32_1.17.0.201812190825/tools/compiler/bin/../lib/gcc/arm-none-eabi/7.3.1/thumb/v6-m/crtbegin.o
                0x2000007c                . = ALIGN (0x4)

.bss            0x2000007c      0x3c8 load address 0x080083fc
                0x2000007c                _sbss = .
                0x2000007c                __bss_start__ = _sbss
 *(.bss)
 .bss           0x2000007c       0x1c c:/ac6/systemworkbench/plugins/fr.ac6.mcu.externaltools.arm-none.win32_1.17.0.201812190825/tools/compiler/bin/../lib/gcc/arm-none-eabi/7.3.1/thumb/v6-m/crtbegin.o
 .bss           0x20000098       0x19 Core/Src/Funcionality.o
                0x20000098                con
 .bss           0x200000b1        0x1 Core/Src/main.o
                0x200000b1                cnt
 *(.bss*)
 *(COMMON)
 *fill*         0x200000b2        0x2 
 COMMON         0x200000b4       0x40 Core/Src/EPY12231.o
                0x200000b4                EPY
 COMMON         0x200000f4      0x341 Core/Src/Funcionality.o
                0x200000f4                response
                0x20000100                hi2c1
                0x2000014c                l
                0x20000150                bmetlak
                0x20000154                bmehum
                0x20000158                huart1
                0x200001e8                c
                0x200001ec                hrtc
                0x20000218                bmetemp
                0x2000021c                lora
                0x200002e8                bmp280
                0x2000031c                huart2
                0x200003ac                htim14
                0x200003f8                callback
 *fill*         0x20000435        0x3 
 COMMON         0x20000438        0x8 Core/Src/main.o
                0x20000438                temperature
                0x2000043c                humidity
 COMMON         0x20000440        0x4 Drivers/STM32G0xx_HAL_Driver/Src/stm32g0xx_hal.o
                0x20000440                uwTick
                0x20000444                . = ALIGN (0x4)
                0x20000444                _ebss = .
                0x20000444                __bss_end__ = _ebss

._user_heap_stack
                0x20000444      0x604 load address 0x080083fc
                0x20000448                . = ALIGN (0x8)
 *fill*         0x20000444        0x4 
                0x20000448                PROVIDE (end = .)
                [!provide]                PROVIDE (_end = .)
                0x20000648                . = (. + _Min_Heap_Size)
 *fill*         0x20000448      0x200 
                0x20000a48                . = (. + _Min_Stack_Size)
 *fill*         0x20000648      0x400 
                0x20000a48                . = ALIGN (0x8)

/DISCARD/
 libc.a(*)
 libm.a(*)
 libgcc.a(*)

.ARM.attributes
                0x00000000       0x28
 *(.ARM.attributes)
 .ARM.attributes
                0x00000000       0x1e c:/ac6/systemworkbench/plugins/fr.ac6.mcu.externaltools.arm-none.win32_1.17.0.201812190825/tools/compiler/bin/../lib/gcc/arm-none-eabi/7.3.1/thumb/v6-m/crti.o
 .ARM.attributes
                0x0000001e       0x2c c:/ac6/systemworkbench/plugins/fr.ac6.mcu.externaltools.arm-none.win32_1.17.0.201812190825/tools/compiler/bin/../lib/gcc/arm-none-eabi/7.3.1/thumb/v6-m/crtbegin.o
 .ARM.attributes
                0x0000004a       0x32 Core/Src/BME280.o
 .ARM.attributes
                0x0000007c       0x32 Core/Src/EPY12231.o
 .ARM.attributes
                0x000000ae       0x32 Core/Src/Funcionality.o
 .ARM.attributes
                0x000000e0       0x32 Core/Src/Init.o
 .ARM.attributes
                0x00000112       0x32 Core/Src/Si7021.o
 .ARM.attributes
                0x00000144       0x32 Core/Src/ftoa.o
 .ARM.attributes
                0x00000176       0x32 Core/Src/main.o
 .ARM.attributes
                0x000001a8       0x32 Core/Src/stm32g0xx_hal_msp.o
 .ARM.attributes
                0x000001da       0x32 Core/Src/stm32g0xx_it.o
 .ARM.attributes
                0x0000020c       0x32 Core/Src/system_stm32g0xx.o
 .ARM.attributes
                0x0000023e       0x32 Drivers/STM32G0xx_HAL_Driver/Src/stm32g0xx_hal.o
 .ARM.attributes
                0x00000270       0x32 Drivers/STM32G0xx_HAL_Driver/Src/stm32g0xx_hal_cortex.o
 .ARM.attributes
                0x000002a2       0x32 Drivers/STM32G0xx_HAL_Driver/Src/stm32g0xx_hal_dma.o
 .ARM.attributes
                0x000002d4       0x32 Drivers/STM32G0xx_HAL_Driver/Src/stm32g0xx_hal_gpio.o
 .ARM.attributes
                0x00000306       0x32 Drivers/STM32G0xx_HAL_Driver/Src/stm32g0xx_hal_i2c.o
 .ARM.attributes
                0x00000338       0x32 Drivers/STM32G0xx_HAL_Driver/Src/stm32g0xx_hal_i2c_ex.o
 .ARM.attributes
                0x0000036a       0x32 Drivers/STM32G0xx_HAL_Driver/Src/stm32g0xx_hal_pwr_ex.o
 .ARM.attributes
                0x0000039c       0x32 Drivers/STM32G0xx_HAL_Driver/Src/stm32g0xx_hal_rcc.o
 .ARM.attributes
                0x000003ce       0x32 Drivers/STM32G0xx_HAL_Driver/Src/stm32g0xx_hal_rcc_ex.o
 .ARM.attributes
                0x00000400       0x32 Drivers/STM32G0xx_HAL_Driver/Src/stm32g0xx_hal_rtc.o
 .ARM.attributes
                0x00000432       0x32 Drivers/STM32G0xx_HAL_Driver/Src/stm32g0xx_hal_rtc_ex.o
 .ARM.attributes
                0x00000464       0x32 Drivers/STM32G0xx_HAL_Driver/Src/stm32g0xx_hal_tim.o
 .ARM.attributes
                0x00000496       0x32 Drivers/STM32G0xx_HAL_Driver/Src/stm32g0xx_hal_uart.o
 .ARM.attributes
                0x000004c8       0x32 Drivers/STM32G0xx_HAL_Driver/Src/stm32g0xx_hal_uart_ex.o
 .ARM.attributes
                0x000004fa       0x22 startup/startup_stm32g030xx.o
 .ARM.attributes
                0x0000051c       0x2c c:/ac6/systemworkbench/plugins/fr.ac6.mcu.externaltools.arm-none.win32_1.17.0.201812190825/tools/compiler/bin/../lib/gcc/arm-none-eabi/7.3.1/../../../../arm-none-eabi/lib/thumb/v6-m\libm.a(lib_a-w_pow.o)
 .ARM.attributes
                0x00000548       0x2c c:/ac6/systemworkbench/plugins/fr.ac6.mcu.externaltools.arm-none.win32_1.17.0.201812190825/tools/compiler/bin/../lib/gcc/arm-none-eabi/7.3.1/../../../../arm-none-eabi/lib/thumb/v6-m\libm.a(lib_a-e_pow.o)
 .ARM.attributes
                0x00000574       0x2c c:/ac6/systemworkbench/plugins/fr.ac6.mcu.externaltools.arm-none.win32_1.17.0.201812190825/tools/compiler/bin/../lib/gcc/arm-none-eabi/7.3.1/../../../../arm-none-eabi/lib/thumb/v6-m\libm.a(lib_a-e_sqrt.o)
 .ARM.attributes
                0x000005a0       0x2c c:/ac6/systemworkbench/plugins/fr.ac6.mcu.externaltools.arm-none.win32_1.17.0.201812190825/tools/compiler/bin/../lib/gcc/arm-none-eabi/7.3.1/../../../../arm-none-eabi/lib/thumb/v6-m\libm.a(lib_a-s_fabs.o)
 .ARM.attributes
                0x000005cc       0x2c c:/ac6/systemworkbench/plugins/fr.ac6.mcu.externaltools.arm-none.win32_1.17.0.201812190825/tools/compiler/bin/../lib/gcc/arm-none-eabi/7.3.1/../../../../arm-none-eabi/lib/thumb/v6-m\libm.a(lib_a-s_finite.o)
 .ARM.attributes
                0x000005f8       0x2c c:/ac6/systemworkbench/plugins/fr.ac6.mcu.externaltools.arm-none.win32_1.17.0.201812190825/tools/compiler/bin/../lib/gcc/arm-none-eabi/7.3.1/../../../../arm-none-eabi/lib/thumb/v6-m\libm.a(lib_a-s_lib_ver.o)
 .ARM.attributes
                0x00000624       0x2c c:/ac6/systemworkbench/plugins/fr.ac6.mcu.externaltools.arm-none.win32_1.17.0.201812190825/tools/compiler/bin/../lib/gcc/arm-none-eabi/7.3.1/../../../../arm-none-eabi/lib/thumb/v6-m\libm.a(lib_a-s_matherr.o)
 .ARM.attributes
                0x00000650       0x2c c:/ac6/systemworkbench/plugins/fr.ac6.mcu.externaltools.arm-none.win32_1.17.0.201812190825/tools/compiler/bin/../lib/gcc/arm-none-eabi/7.3.1/../../../../arm-none-eabi/lib/thumb/v6-m\libm.a(lib_a-s_nan.o)
 .ARM.attributes
                0x0000067c       0x2c c:/ac6/systemworkbench/plugins/fr.ac6.mcu.externaltools.arm-none.win32_1.17.0.201812190825/tools/compiler/bin/../lib/gcc/arm-none-eabi/7.3.1/../../../../arm-none-eabi/lib/thumb/v6-m\libm.a(lib_a-s_rint.o)
 .ARM.attributes
                0x000006a8       0x2c c:/ac6/systemworkbench/plugins/fr.ac6.mcu.externaltools.arm-none.win32_1.17.0.201812190825/tools/compiler/bin/../lib/gcc/arm-none-eabi/7.3.1/../../../../arm-none-eabi/lib/thumb/v6-m\libm.a(lib_a-s_scalbn.o)
 .ARM.attributes
                0x000006d4       0x2c c:/ac6/systemworkbench/plugins/fr.ac6.mcu.externaltools.arm-none.win32_1.17.0.201812190825/tools/compiler/bin/../lib/gcc/arm-none-eabi/7.3.1/../../../../arm-none-eabi/lib/thumb/v6-m\libm.a(lib_a-s_copysign.o)
 .ARM.attributes
                0x00000700       0x1e c:/ac6/systemworkbench/plugins/fr.ac6.mcu.externaltools.arm-none.win32_1.17.0.201812190825/tools/compiler/bin/../lib/gcc/arm-none-eabi/7.3.1/thumb/v6-m\libgcc.a(_udivsi3.o)
 .ARM.attributes
                0x0000071e       0x1e c:/ac6/systemworkbench/plugins/fr.ac6.mcu.externaltools.arm-none.win32_1.17.0.201812190825/tools/compiler/bin/../lib/gcc/arm-none-eabi/7.3.1/thumb/v6-m\libgcc.a(_divsi3.o)
 .ARM.attributes
                0x0000073c       0x1e c:/ac6/systemworkbench/plugins/fr.ac6.mcu.externaltools.arm-none.win32_1.17.0.201812190825/tools/compiler/bin/../lib/gcc/arm-none-eabi/7.3.1/thumb/v6-m\libgcc.a(_dvmd_tls.o)
 .ARM.attributes
                0x0000075a       0x1e c:/ac6/systemworkbench/plugins/fr.ac6.mcu.externaltools.arm-none.win32_1.17.0.201812190825/tools/compiler/bin/../lib/gcc/arm-none-eabi/7.3.1/thumb/v6-m\libgcc.a(_arm_cmpdf2.o)
 .ARM.attributes
                0x00000778       0x1e c:/ac6/systemworkbench/plugins/fr.ac6.mcu.externaltools.arm-none.win32_1.17.0.201812190825/tools/compiler/bin/../lib/gcc/arm-none-eabi/7.3.1/thumb/v6-m\libgcc.a(_arm_cmpsf2.o)
 .ARM.attributes
                0x00000796       0x1e c:/ac6/systemworkbench/plugins/fr.ac6.mcu.externaltools.arm-none.win32_1.17.0.201812190825/tools/compiler/bin/../lib/gcc/arm-none-eabi/7.3.1/thumb/v6-m\libgcc.a(_aeabi_ldivmod.o)
 .ARM.attributes
                0x000007b4       0x2c c:/ac6/systemworkbench/plugins/fr.ac6.mcu.externaltools.arm-none.win32_1.17.0.201812190825/tools/compiler/bin/../lib/gcc/arm-none-eabi/7.3.1/thumb/v6-m\libgcc.a(_muldi3.o)
 .ARM.attributes
                0x000007e0       0x2c c:/ac6/systemworkbench/plugins/fr.ac6.mcu.externaltools.arm-none.win32_1.17.0.201812190825/tools/compiler/bin/../lib/gcc/arm-none-eabi/7.3.1/thumb/v6-m\libgcc.a(bpabi.o)
 .ARM.attributes
                0x0000080c       0x2c c:/ac6/systemworkbench/plugins/fr.ac6.mcu.externaltools.arm-none.win32_1.17.0.201812190825/tools/compiler/bin/../lib/gcc/arm-none-eabi/7.3.1/thumb/v6-m\libgcc.a(divsf3.o)
 .ARM.attributes
                0x00000838       0x2c c:/ac6/systemworkbench/plugins/fr.ac6.mcu.externaltools.arm-none.win32_1.17.0.201812190825/tools/compiler/bin/../lib/gcc/arm-none-eabi/7.3.1/thumb/v6-m\libgcc.a(eqsf2.o)
 .ARM.attributes
                0x00000864       0x2c c:/ac6/systemworkbench/plugins/fr.ac6.mcu.externaltools.arm-none.win32_1.17.0.201812190825/tools/compiler/bin/../lib/gcc/arm-none-eabi/7.3.1/thumb/v6-m\libgcc.a(gesf2.o)
 .ARM.attributes
                0x00000890       0x2c c:/ac6/systemworkbench/plugins/fr.ac6.mcu.externaltools.arm-none.win32_1.17.0.201812190825/tools/compiler/bin/../lib/gcc/arm-none-eabi/7.3.1/thumb/v6-m\libgcc.a(lesf2.o)
 .ARM.attributes
                0x000008bc       0x2c c:/ac6/systemworkbench/plugins/fr.ac6.mcu.externaltools.arm-none.win32_1.17.0.201812190825/tools/compiler/bin/../lib/gcc/arm-none-eabi/7.3.1/thumb/v6-m\libgcc.a(mulsf3.o)
 .ARM.attributes
                0x000008e8       0x2c c:/ac6/systemworkbench/plugins/fr.ac6.mcu.externaltools.arm-none.win32_1.17.0.201812190825/tools/compiler/bin/../lib/gcc/arm-none-eabi/7.3.1/thumb/v6-m\libgcc.a(subsf3.o)
 .ARM.attributes
                0x00000914       0x2c c:/ac6/systemworkbench/plugins/fr.ac6.mcu.externaltools.arm-none.win32_1.17.0.201812190825/tools/compiler/bin/../lib/gcc/arm-none-eabi/7.3.1/thumb/v6-m\libgcc.a(fixsfsi.o)
 .ARM.attributes
                0x00000940       0x2c c:/ac6/systemworkbench/plugins/fr.ac6.mcu.externaltools.arm-none.win32_1.17.0.201812190825/tools/compiler/bin/../lib/gcc/arm-none-eabi/7.3.1/thumb/v6-m\libgcc.a(floatsisf.o)
 .ARM.attributes
                0x0000096c       0x2c c:/ac6/systemworkbench/plugins/fr.ac6.mcu.externaltools.arm-none.win32_1.17.0.201812190825/tools/compiler/bin/../lib/gcc/arm-none-eabi/7.3.1/thumb/v6-m\libgcc.a(floatunsisf.o)
 .ARM.attributes
                0x00000998       0x2c c:/ac6/systemworkbench/plugins/fr.ac6.mcu.externaltools.arm-none.win32_1.17.0.201812190825/tools/compiler/bin/../lib/gcc/arm-none-eabi/7.3.1/thumb/v6-m\libgcc.a(adddf3.o)
 .ARM.attributes
                0x000009c4       0x2c c:/ac6/systemworkbench/plugins/fr.ac6.mcu.externaltools.arm-none.win32_1.17.0.201812190825/tools/compiler/bin/../lib/gcc/arm-none-eabi/7.3.1/thumb/v6-m\libgcc.a(divdf3.o)
 .ARM.attributes
                0x000009f0       0x2c c:/ac6/systemworkbench/plugins/fr.ac6.mcu.externaltools.arm-none.win32_1.17.0.201812190825/tools/compiler/bin/../lib/gcc/arm-none-eabi/7.3.1/thumb/v6-m\libgcc.a(eqdf2.o)
 .ARM.attributes
                0x00000a1c       0x2c c:/ac6/systemworkbench/plugins/fr.ac6.mcu.externaltools.arm-none.win32_1.17.0.201812190825/tools/compiler/bin/../lib/gcc/arm-none-eabi/7.3.1/thumb/v6-m\libgcc.a(gedf2.o)
 .ARM.attributes
                0x00000a48       0x2c c:/ac6/systemworkbench/plugins/fr.ac6.mcu.externaltools.arm-none.win32_1.17.0.201812190825/tools/compiler/bin/../lib/gcc/arm-none-eabi/7.3.1/thumb/v6-m\libgcc.a(ledf2.o)
 .ARM.attributes
                0x00000a74       0x2c c:/ac6/systemworkbench/plugins/fr.ac6.mcu.externaltools.arm-none.win32_1.17.0.201812190825/tools/compiler/bin/../lib/gcc/arm-none-eabi/7.3.1/thumb/v6-m\libgcc.a(muldf3.o)
 .ARM.attributes
                0x00000aa0       0x2c c:/ac6/systemworkbench/plugins/fr.ac6.mcu.externaltools.arm-none.win32_1.17.0.201812190825/tools/compiler/bin/../lib/gcc/arm-none-eabi/7.3.1/thumb/v6-m\libgcc.a(subdf3.o)
 .ARM.attributes
                0x00000acc       0x2c c:/ac6/systemworkbench/plugins/fr.ac6.mcu.externaltools.arm-none.win32_1.17.0.201812190825/tools/compiler/bin/../lib/gcc/arm-none-eabi/7.3.1/thumb/v6-m\libgcc.a(unorddf2.o)
 .ARM.attributes
                0x00000af8       0x2c c:/ac6/systemworkbench/plugins/fr.ac6.mcu.externaltools.arm-none.win32_1.17.0.201812190825/tools/compiler/bin/../lib/gcc/arm-none-eabi/7.3.1/thumb/v6-m\libgcc.a(floatsidf.o)
 .ARM.attributes
                0x00000b24       0x2c c:/ac6/systemworkbench/plugins/fr.ac6.mcu.externaltools.arm-none.win32_1.17.0.201812190825/tools/compiler/bin/../lib/gcc/arm-none-eabi/7.3.1/thumb/v6-m\libgcc.a(extendsfdf2.o)
 .ARM.attributes
                0x00000b50       0x2c c:/ac6/systemworkbench/plugins/fr.ac6.mcu.externaltools.arm-none.win32_1.17.0.201812190825/tools/compiler/bin/../lib/gcc/arm-none-eabi/7.3.1/thumb/v6-m\libgcc.a(truncdfsf2.o)
 .ARM.attributes
                0x00000b7c       0x1e c:/ac6/systemworkbench/plugins/fr.ac6.mcu.externaltools.arm-none.win32_1.17.0.201812190825/tools/compiler/bin/../lib/gcc/arm-none-eabi/7.3.1/thumb/v6-m\libgcc.a(_clzsi2.o)
 .ARM.attributes
                0x00000b9a       0x2c c:/ac6/systemworkbench/plugins/fr.ac6.mcu.externaltools.arm-none.win32_1.17.0.201812190825/tools/compiler/bin/../lib/gcc/arm-none-eabi/7.3.1/thumb/v6-m\libgcc.a(_divdi3.o)
 .ARM.attributes
                0x00000bc6       0x1e c:/ac6/systemworkbench/plugins/fr.ac6.mcu.externaltools.arm-none.win32_1.17.0.201812190825/tools/compiler/bin/../lib/gcc/arm-none-eabi/7.3.1/thumb/v6-m\libgcc.a(_clzdi2.o)
 .ARM.attributes
                0x00000be4       0x2c c:/ac6/systemworkbench/plugins/fr.ac6.mcu.externaltools.arm-none.win32_1.17.0.201812190825/tools/compiler/bin/../lib/gcc/arm-none-eabi/7.3.1/../../../../arm-none-eabi/lib/thumb/v6-m\libc_nano.a(lib_a-errno.o)
 .ARM.attributes
                0x00000c10       0x2c c:/ac6/systemworkbench/plugins/fr.ac6.mcu.externaltools.arm-none.win32_1.17.0.201812190825/tools/compiler/bin/../lib/gcc/arm-none-eabi/7.3.1/../../../../arm-none-eabi/lib/thumb/v6-m\libc_nano.a(lib_a-impure.o)
 .ARM.attributes
                0x00000c3c       0x2c c:/ac6/systemworkbench/plugins/fr.ac6.mcu.externaltools.arm-none.win32_1.17.0.201812190825/tools/compiler/bin/../lib/gcc/arm-none-eabi/7.3.1/../../../../arm-none-eabi/lib/thumb/v6-m\libc_nano.a(lib_a-init.o)
 .ARM.attributes
                0x00000c68       0x2c c:/ac6/systemworkbench/plugins/fr.ac6.mcu.externaltools.arm-none.win32_1.17.0.201812190825/tools/compiler/bin/../lib/gcc/arm-none-eabi/7.3.1/../../../../arm-none-eabi/lib/thumb/v6-m\libc_nano.a(lib_a-memcpy-stub.o)
 .ARM.attributes
                0x00000c94       0x2c c:/ac6/systemworkbench/plugins/fr.ac6.mcu.externaltools.arm-none.win32_1.17.0.201812190825/tools/compiler/bin/../lib/gcc/arm-none-eabi/7.3.1/../../../../arm-none-eabi/lib/thumb/v6-m\libc_nano.a(lib_a-memset.o)
 .ARM.attributes
                0x00000cc0       0x1c c:/ac6/systemworkbench/plugins/fr.ac6.mcu.externaltools.arm-none.win32_1.17.0.201812190825/tools/compiler/bin/../lib/gcc/arm-none-eabi/7.3.1/../../../../arm-none-eabi/lib/thumb/v6-m\libc_nano.a(lib_a-strlen.o)
 .ARM.attributes
                0x00000cdc       0x2c c:/ac6/systemworkbench/plugins/fr.ac6.mcu.externaltools.arm-none.win32_1.17.0.201812190825/tools/compiler/bin/../lib/gcc/arm-none-eabi/7.3.1/../../../../arm-none-eabi/lib/thumb/v6-m\libc_nano.a(lib_a-strncat.o)
 .ARM.attributes
                0x00000d08       0x1e c:/ac6/systemworkbench/plugins/fr.ac6.mcu.externaltools.arm-none.win32_1.17.0.201812190825/tools/compiler/bin/../lib/gcc/arm-none-eabi/7.3.1/thumb/v6-m/crtn.o
OUTPUT(LoRaV2.elf elf32-littlearm)

.debug_info     0x00000000    0x2398c
 .debug_info    0x00000000     0x1718 Core/Src/BME280.o
 .debug_info    0x00001718     0x1928 Core/Src/EPY12231.o
 .debug_info    0x00003040     0x2778 Core/Src/Funcionality.o
 .debug_info    0x000057b8     0x2a41 Core/Src/Init.o
 .debug_info    0x000081f9     0x2801 Core/Src/Si7021.o
 .debug_info    0x0000a9fa      0x400 Core/Src/ftoa.o
 .debug_info    0x0000adfa     0x2760 Core/Src/main.o
 .debug_info    0x0000d55a     0x26e5 Core/Src/stm32g0xx_hal_msp.o
 .debug_info    0x0000fc3f     0x208c Core/Src/stm32g0xx_it.o
 .debug_info    0x00011ccb      0x4f4 Core/Src/system_stm32g0xx.o
 .debug_info    0x000121bf      0xa35 Drivers/STM32G0xx_HAL_Driver/Src/stm32g0xx_hal.o
 .debug_info    0x00012bf4      0xa96 Drivers/STM32G0xx_HAL_Driver/Src/stm32g0xx_hal_cortex.o
 .debug_info    0x0001368a      0xa7b Drivers/STM32G0xx_HAL_Driver/Src/stm32g0xx_hal_dma.o
 .debug_info    0x00014105      0x711 Drivers/STM32G0xx_HAL_Driver/Src/stm32g0xx_hal_gpio.o
 .debug_info    0x00014816     0x3bd0 Drivers/STM32G0xx_HAL_Driver/Src/stm32g0xx_hal_i2c.o
 .debug_info    0x000183e6      0xb0e Drivers/STM32G0xx_HAL_Driver/Src/stm32g0xx_hal_i2c_ex.o
 .debug_info    0x00018ef4      0x627 Drivers/STM32G0xx_HAL_Driver/Src/stm32g0xx_hal_pwr_ex.o
 .debug_info    0x0001951b      0xcec Drivers/STM32G0xx_HAL_Driver/Src/stm32g0xx_hal_rcc.o
 .debug_info    0x0001a207      0x961 Drivers/STM32G0xx_HAL_Driver/Src/stm32g0xx_hal_rcc_ex.o
 .debug_info    0x0001ab68      0xfd1 Drivers/STM32G0xx_HAL_Driver/Src/stm32g0xx_hal_rtc.o
 .debug_info    0x0001bb39     0x157a Drivers/STM32G0xx_HAL_Driver/Src/stm32g0xx_hal_rtc_ex.o
 .debug_info    0x0001d0b3     0x380a Drivers/STM32G0xx_HAL_Driver/Src/stm32g0xx_hal_tim.o
 .debug_info    0x000208bd     0x21b3 Drivers/STM32G0xx_HAL_Driver/Src/stm32g0xx_hal_uart.o
 .debug_info    0x00022a70      0xefa Drivers/STM32G0xx_HAL_Driver/Src/stm32g0xx_hal_uart_ex.o
 .debug_info    0x0002396a       0x22 startup/startup_stm32g030xx.o

.debug_abbrev   0x00000000     0x3b92
 .debug_abbrev  0x00000000      0x370 Core/Src/BME280.o
 .debug_abbrev  0x00000370      0x2e6 Core/Src/EPY12231.o
 .debug_abbrev  0x00000656      0x342 Core/Src/Funcionality.o
 .debug_abbrev  0x00000998      0x325 Core/Src/Init.o
 .debug_abbrev  0x00000cbd      0x38f Core/Src/Si7021.o
 .debug_abbrev  0x0000104c      0x1ce Core/Src/ftoa.o
 .debug_abbrev  0x0000121a      0x31b Core/Src/main.o
 .debug_abbrev  0x00001535      0x319 Core/Src/stm32g0xx_hal_msp.o
 .debug_abbrev  0x0000184e      0x2a3 Core/Src/stm32g0xx_it.o
 .debug_abbrev  0x00001af1      0x156 Core/Src/system_stm32g0xx.o
 .debug_abbrev  0x00001c47      0x26e Drivers/STM32G0xx_HAL_Driver/Src/stm32g0xx_hal.o
 .debug_abbrev  0x00001eb5      0x27c Drivers/STM32G0xx_HAL_Driver/Src/stm32g0xx_hal_cortex.o
 .debug_abbrev  0x00002131      0x22d Drivers/STM32G0xx_HAL_Driver/Src/stm32g0xx_hal_dma.o
 .debug_abbrev  0x0000235e      0x1ee Drivers/STM32G0xx_HAL_Driver/Src/stm32g0xx_hal_gpio.o
 .debug_abbrev  0x0000254c      0x27b Drivers/STM32G0xx_HAL_Driver/Src/stm32g0xx_hal_i2c.o
 .debug_abbrev  0x000027c7      0x1f3 Drivers/STM32G0xx_HAL_Driver/Src/stm32g0xx_hal_i2c_ex.o
 .debug_abbrev  0x000029ba      0x1f8 Drivers/STM32G0xx_HAL_Driver/Src/stm32g0xx_hal_pwr_ex.o
 .debug_abbrev  0x00002bb2      0x26c Drivers/STM32G0xx_HAL_Driver/Src/stm32g0xx_hal_rcc.o
 .debug_abbrev  0x00002e1e      0x22b Drivers/STM32G0xx_HAL_Driver/Src/stm32g0xx_hal_rcc_ex.o
 .debug_abbrev  0x00003049      0x1ee Drivers/STM32G0xx_HAL_Driver/Src/stm32g0xx_hal_rtc.o
 .debug_abbrev  0x00003237      0x219 Drivers/STM32G0xx_HAL_Driver/Src/stm32g0xx_hal_rtc_ex.o
 .debug_abbrev  0x00003450      0x244 Drivers/STM32G0xx_HAL_Driver/Src/stm32g0xx_hal_tim.o
 .debug_abbrev  0x00003694      0x290 Drivers/STM32G0xx_HAL_Driver/Src/stm32g0xx_hal_uart.o
 .debug_abbrev  0x00003924      0x25c Drivers/STM32G0xx_HAL_Driver/Src/stm32g0xx_hal_uart_ex.o
 .debug_abbrev  0x00003b80       0x12 startup/startup_stm32g030xx.o

.debug_loc      0x00000000    0x10e7a
 .debug_loc     0x00000000      0xdb5 Core/Src/BME280.o
 .debug_loc     0x00000db5      0x2b9 Core/Src/EPY12231.o
 .debug_loc     0x0000106e      0x20a Core/Src/Funcionality.o
 .debug_loc     0x00001278      0x514 Core/Src/Si7021.o
 .debug_loc     0x0000178c      0x27b Core/Src/ftoa.o
 .debug_loc     0x00001a07       0x96 Core/Src/main.o
 .debug_loc     0x00001a9d      0x1b7 Core/Src/stm32g0xx_hal_msp.o
 .debug_loc     0x00001c54       0x93 Core/Src/system_stm32g0xx.o
 .debug_loc     0x00001ce7      0x1c9 Drivers/STM32G0xx_HAL_Driver/Src/stm32g0xx_hal.o
 .debug_loc     0x00001eb0      0x3d8 Drivers/STM32G0xx_HAL_Driver/Src/stm32g0xx_hal_cortex.o
 .debug_loc     0x00002288      0x828 Drivers/STM32G0xx_HAL_Driver/Src/stm32g0xx_hal_dma.o
 .debug_loc     0x00002ab0      0x2f0 Drivers/STM32G0xx_HAL_Driver/Src/stm32g0xx_hal_gpio.o
 .debug_loc     0x00002da0     0x4281 Drivers/STM32G0xx_HAL_Driver/Src/stm32g0xx_hal_i2c.o
 .debug_loc     0x00007021      0x221 Drivers/STM32G0xx_HAL_Driver/Src/stm32g0xx_hal_i2c_ex.o
 .debug_loc     0x00007242      0x2ab Drivers/STM32G0xx_HAL_Driver/Src/stm32g0xx_hal_pwr_ex.o
 .debug_loc     0x000074ed      0x53b Drivers/STM32G0xx_HAL_Driver/Src/stm32g0xx_hal_rcc.o
 .debug_loc     0x00007a28      0x640 Drivers/STM32G0xx_HAL_Driver/Src/stm32g0xx_hal_rcc_ex.o
 .debug_loc     0x00008068      0xbab Drivers/STM32G0xx_HAL_Driver/Src/stm32g0xx_hal_rtc.o
 .debug_loc     0x00008c13     0x10d3 Drivers/STM32G0xx_HAL_Driver/Src/stm32g0xx_hal_rtc_ex.o
 .debug_loc     0x00009ce6     0x4959 Drivers/STM32G0xx_HAL_Driver/Src/stm32g0xx_hal_tim.o
 .debug_loc     0x0000e63f     0x1e81 Drivers/STM32G0xx_HAL_Driver/Src/stm32g0xx_hal_uart.o
 .debug_loc     0x000104c0      0x9ba Drivers/STM32G0xx_HAL_Driver/Src/stm32g0xx_hal_uart_ex.o

.debug_aranges  0x00000000     0x1378
 .debug_aranges
                0x00000000       0x68 Core/Src/BME280.o
 .debug_aranges
                0x00000068       0x78 Core/Src/EPY12231.o
 .debug_aranges
                0x000000e0       0x58 Core/Src/Funcionality.o
 .debug_aranges
                0x00000138       0x68 Core/Src/Init.o
 .debug_aranges
                0x000001a0       0x98 Core/Src/Si7021.o
 .debug_aranges
                0x00000238       0x30 Core/Src/ftoa.o
 .debug_aranges
                0x00000268       0x58 Core/Src/main.o
 .debug_aranges
                0x000002c0       0x60 Core/Src/stm32g0xx_hal_msp.o
 .debug_aranges
                0x00000320       0x50 Core/Src/stm32g0xx_it.o
 .debug_aranges
                0x00000370       0x28 Core/Src/system_stm32g0xx.o
 .debug_aranges
                0x00000398      0x100 Drivers/STM32G0xx_HAL_Driver/Src/stm32g0xx_hal.o
 .debug_aranges
                0x00000498       0x90 Drivers/STM32G0xx_HAL_Driver/Src/stm32g0xx_hal_cortex.o
 .debug_aranges
                0x00000528       0x90 Drivers/STM32G0xx_HAL_Driver/Src/stm32g0xx_hal_dma.o
 .debug_aranges
                0x000005b8       0x60 Drivers/STM32G0xx_HAL_Driver/Src/stm32g0xx_hal_gpio.o
 .debug_aranges
                0x00000618      0x290 Drivers/STM32G0xx_HAL_Driver/Src/stm32g0xx_hal_i2c.o
 .debug_aranges
                0x000008a8       0x48 Drivers/STM32G0xx_HAL_Driver/Src/stm32g0xx_hal_i2c_ex.o
 .debug_aranges
                0x000008f0       0x98 Drivers/STM32G0xx_HAL_Driver/Src/stm32g0xx_hal_pwr_ex.o
 .debug_aranges
                0x00000988       0x90 Drivers/STM32G0xx_HAL_Driver/Src/stm32g0xx_hal_rcc.o
 .debug_aranges
                0x00000a18       0x40 Drivers/STM32G0xx_HAL_Driver/Src/stm32g0xx_hal_rcc_ex.o
 .debug_aranges
                0x00000a58       0xc0 Drivers/STM32G0xx_HAL_Driver/Src/stm32g0xx_hal_rtc.o
 .debug_aranges
                0x00000b18      0x170 Drivers/STM32G0xx_HAL_Driver/Src/stm32g0xx_hal_rtc_ex.o
 .debug_aranges
                0x00000c88      0x3e0 Drivers/STM32G0xx_HAL_Driver/Src/stm32g0xx_hal_tim.o
 .debug_aranges
                0x00001068      0x248 Drivers/STM32G0xx_HAL_Driver/Src/stm32g0xx_hal_uart.o
 .debug_aranges
                0x000012b0       0xa0 Drivers/STM32G0xx_HAL_Driver/Src/stm32g0xx_hal_uart_ex.o
 .debug_aranges
                0x00001350       0x28 startup/startup_stm32g030xx.o

.debug_ranges   0x00000000     0x1300
 .debug_ranges  0x00000000       0xa0 Core/Src/BME280.o
 .debug_ranges  0x000000a0       0x68 Core/Src/EPY12231.o
 .debug_ranges  0x00000108       0x78 Core/Src/Funcionality.o
 .debug_ranges  0x00000180       0x58 Core/Src/Init.o
 .debug_ranges  0x000001d8       0x88 Core/Src/Si7021.o
 .debug_ranges  0x00000260       0x20 Core/Src/ftoa.o
 .debug_ranges  0x00000280       0x48 Core/Src/main.o
 .debug_ranges  0x000002c8       0x50 Core/Src/stm32g0xx_hal_msp.o
 .debug_ranges  0x00000318       0x40 Core/Src/stm32g0xx_it.o
 .debug_ranges  0x00000358       0x18 Core/Src/system_stm32g0xx.o
 .debug_ranges  0x00000370       0xf0 Drivers/STM32G0xx_HAL_Driver/Src/stm32g0xx_hal.o
 .debug_ranges  0x00000460       0xe0 Drivers/STM32G0xx_HAL_Driver/Src/stm32g0xx_hal_cortex.o
 .debug_ranges  0x00000540       0x80 Drivers/STM32G0xx_HAL_Driver/Src/stm32g0xx_hal_dma.o
 .debug_ranges  0x000005c0       0x50 Drivers/STM32G0xx_HAL_Driver/Src/stm32g0xx_hal_gpio.o
 .debug_ranges  0x00000610      0x280 Drivers/STM32G0xx_HAL_Driver/Src/stm32g0xx_hal_i2c.o
 .debug_ranges  0x00000890       0x38 Drivers/STM32G0xx_HAL_Driver/Src/stm32g0xx_hal_i2c_ex.o
 .debug_ranges  0x000008c8       0x88 Drivers/STM32G0xx_HAL_Driver/Src/stm32g0xx_hal_pwr_ex.o
 .debug_ranges  0x00000950       0xa0 Drivers/STM32G0xx_HAL_Driver/Src/stm32g0xx_hal_rcc.o
 .debug_ranges  0x000009f0       0x48 Drivers/STM32G0xx_HAL_Driver/Src/stm32g0xx_hal_rcc_ex.o
 .debug_ranges  0x00000a38       0xb0 Drivers/STM32G0xx_HAL_Driver/Src/stm32g0xx_hal_rtc.o
 .debug_ranges  0x00000ae8      0x160 Drivers/STM32G0xx_HAL_Driver/Src/stm32g0xx_hal_rtc_ex.o
 .debug_ranges  0x00000c48      0x3d0 Drivers/STM32G0xx_HAL_Driver/Src/stm32g0xx_hal_tim.o
 .debug_ranges  0x00001018      0x238 Drivers/STM32G0xx_HAL_Driver/Src/stm32g0xx_hal_uart.o
 .debug_ranges  0x00001250       0x90 Drivers/STM32G0xx_HAL_Driver/Src/stm32g0xx_hal_uart_ex.o
 .debug_ranges  0x000012e0       0x20 startup/startup_stm32g030xx.o

.debug_macro    0x00000000    0x18e3e
 .debug_macro   0x00000000      0x28f Core/Src/BME280.o
 .debug_macro   0x0000028f      0xa42 Core/Src/BME280.o
 .debug_macro   0x00000cd1      0x129 Core/Src/BME280.o
 .debug_macro   0x00000dfa       0x2e Core/Src/BME280.o
 .debug_macro   0x00000e28       0x28 Core/Src/BME280.o
 .debug_macro   0x00000e50       0x22 Core/Src/BME280.o
 .debug_macro   0x00000e72       0x8e Core/Src/BME280.o
 .debug_macro   0x00000f00       0x51 Core/Src/BME280.o
 .debug_macro   0x00000f51       0xef Core/Src/BME280.o
 .debug_macro   0x00001040       0x6a Core/Src/BME280.o
 .debug_macro   0x000010aa      0x1df Core/Src/BME280.o
 .debug_macro   0x00001289       0x1c Core/Src/BME280.o
 .debug_macro   0x000012a5       0x22 Core/Src/BME280.o
 .debug_macro   0x000012c7       0xd7 Core/Src/BME280.o
 .debug_macro   0x0000139e      0x4da Core/Src/BME280.o
 .debug_macro   0x00001878      0x11f Core/Src/BME280.o
 .debug_macro   0x00001997     0x9e87 Core/Src/BME280.o
 .debug_macro   0x0000b81e       0x3c Core/Src/BME280.o
 .debug_macro   0x0000b85a     0x34b5 Core/Src/BME280.o
 .debug_macro   0x0000ed0f      0x174 Core/Src/BME280.o
 .debug_macro   0x0000ee83       0x5c Core/Src/BME280.o
 .debug_macro   0x0000eedf      0x485 Core/Src/BME280.o
 .debug_macro   0x0000f364      0xd95 Core/Src/BME280.o
 .debug_macro   0x000100f9      0x106 Core/Src/BME280.o
 .debug_macro   0x000101ff      0x153 Core/Src/BME280.o
 .debug_macro   0x00010352       0xff Core/Src/BME280.o
 .debug_macro   0x00010451      0x33c Core/Src/BME280.o
 .debug_macro   0x0001078d      0x202 Core/Src/BME280.o
 .debug_macro   0x0001098f      0x2c7 Core/Src/BME280.o
 .debug_macro   0x00010c56      0x198 Core/Src/BME280.o
 .debug_macro   0x00010dee       0x43 Core/Src/BME280.o
 .debug_macro   0x00010e31      0x1f1 Core/Src/BME280.o
 .debug_macro   0x00011022      0x1d7 Core/Src/BME280.o
 .debug_macro   0x000111f9      0x2a3 Core/Src/BME280.o
 .debug_macro   0x0001149c       0x28 Core/Src/BME280.o
 .debug_macro   0x000114c4       0xcf Core/Src/BME280.o
 .debug_macro   0x00011593      0x22c Core/Src/BME280.o
 .debug_macro   0x000117bf       0x64 Core/Src/BME280.o
 .debug_macro   0x00011823       0xa5 Core/Src/BME280.o
 .debug_macro   0x000118c8       0xff Core/Src/BME280.o
 .debug_macro   0x000119c7      0x10d Core/Src/BME280.o
 .debug_macro   0x00011ad4      0x321 Core/Src/BME280.o
 .debug_macro   0x00011df5      0x433 Core/Src/BME280.o
 .debug_macro   0x00012228       0xeb Core/Src/BME280.o
 .debug_macro   0x00012313      0xa9f Core/Src/BME280.o
 .debug_macro   0x00012db2       0xfa Core/Src/BME280.o
 .debug_macro   0x00012eac      0x67e Core/Src/BME280.o
 .debug_macro   0x0001352a       0xa6 Core/Src/BME280.o
 .debug_macro   0x000135d0      0x412 Core/Src/BME280.o
 .debug_macro   0x000139e2       0x22 Core/Src/BME280.o
 .debug_macro   0x00013a04       0x1c Core/Src/BME280.o
 .debug_macro   0x00013a20      0x39e Core/Src/EPY12231.o
 .debug_macro   0x00013dbe       0x58 Core/Src/EPY12231.o
 .debug_macro   0x00013e16       0x18 Core/Src/EPY12231.o
 .debug_macro   0x00013e2e       0x94 Core/Src/EPY12231.o
 .debug_macro   0x00013ec2       0x35 Core/Src/EPY12231.o
 .debug_macro   0x00013ef7       0x34 Core/Src/EPY12231.o
 .debug_macro   0x00013f2b       0x16 Core/Src/EPY12231.o
 .debug_macro   0x00013f41       0x57 Core/Src/EPY12231.o
 .debug_macro   0x00013f98       0x97 Core/Src/EPY12231.o
 .debug_macro   0x0001402f      0x330 Core/Src/EPY12231.o
 .debug_macro   0x0001435f       0xfd Core/Src/EPY12231.o
 .debug_macro   0x0001445c       0x10 Core/Src/EPY12231.o
 .debug_macro   0x0001446c       0x58 Core/Src/EPY12231.o
 .debug_macro   0x000144c4       0x1f Core/Src/EPY12231.o
 .debug_macro   0x000144e3       0x43 Core/Src/EPY12231.o
 .debug_macro   0x00014526       0x20 Core/Src/EPY12231.o
 .debug_macro   0x00014546      0x18e Core/Src/EPY12231.o
 .debug_macro   0x000146d4       0x10 Core/Src/EPY12231.o
 .debug_macro   0x000146e4       0x1c Core/Src/EPY12231.o
 .debug_macro   0x00014700       0x52 Core/Src/EPY12231.o
 .debug_macro   0x00014752       0x40 Core/Src/EPY12231.o
 .debug_macro   0x00014792       0x10 Core/Src/EPY12231.o
 .debug_macro   0x000147a2       0x40 Core/Src/EPY12231.o
 .debug_macro   0x000147e2       0xd7 Core/Src/EPY12231.o
 .debug_macro   0x000148b9       0x1c Core/Src/EPY12231.o
 .debug_macro   0x000148d5       0x3d Core/Src/EPY12231.o
 .debug_macro   0x00014912       0x16 Core/Src/EPY12231.o
 .debug_macro   0x00014928      0x16f Core/Src/EPY12231.o
 .debug_macro   0x00014a97       0x16 Core/Src/EPY12231.o
 .debug_macro   0x00014aad       0x35 Core/Src/EPY12231.o
 .debug_macro   0x00014ae2       0x16 Core/Src/EPY12231.o
 .debug_macro   0x00014af8       0x29 Core/Src/EPY12231.o
 .debug_macro   0x00014b21       0xd1 Core/Src/EPY12231.o
 .debug_macro   0x00014bf2       0x56 Core/Src/EPY12231.o
 .debug_macro   0x00014c48       0x82 Core/Src/EPY12231.o
 .debug_macro   0x00014cca      0x3de Core/Src/Funcionality.o
 .debug_macro   0x000150a8       0x5e Core/Src/Funcionality.o
 .debug_macro   0x00015106      0x32a Core/Src/Funcionality.o
 .debug_macro   0x00015430      0x1e1 Core/Src/Funcionality.o
 .debug_macro   0x00015611      0x16c Core/Src/Funcionality.o
 .debug_macro   0x0001577d       0x1c Core/Src/Funcionality.o
 .debug_macro   0x00015799       0x1c Core/Src/Funcionality.o
 .debug_macro   0x000157b5      0x3d6 Core/Src/Init.o
 .debug_macro   0x00015b8b      0x3df Core/Src/Si7021.o
 .debug_macro   0x00015f6a       0x1c Core/Src/Si7021.o
 .debug_macro   0x00015f86      0x215 Core/Src/ftoa.o
 .debug_macro   0x0001619b      0x3f1 Core/Src/main.o
 .debug_macro   0x0001658c      0x3f1 Core/Src/stm32g0xx_hal_msp.o
 .debug_macro   0x0001697d      0x3fb Core/Src/stm32g0xx_it.o
 .debug_macro   0x00016d78      0x217 Core/Src/system_stm32g0xx.o
 .debug_macro   0x00016f8f      0x22f Drivers/STM32G0xx_HAL_Driver/Src/stm32g0xx_hal.o
 .debug_macro   0x000171be      0x211 Drivers/STM32G0xx_HAL_Driver/Src/stm32g0xx_hal_cortex.o
 .debug_macro   0x000173cf      0x211 Drivers/STM32G0xx_HAL_Driver/Src/stm32g0xx_hal_dma.o
 .debug_macro   0x000175e0      0x249 Drivers/STM32G0xx_HAL_Driver/Src/stm32g0xx_hal_gpio.o
 .debug_macro   0x00017829      0x2d6 Drivers/STM32G0xx_HAL_Driver/Src/stm32g0xx_hal_i2c.o
 .debug_macro   0x00017aff      0x211 Drivers/STM32G0xx_HAL_Driver/Src/stm32g0xx_hal_i2c_ex.o
 .debug_macro   0x00017d10      0x223 Drivers/STM32G0xx_HAL_Driver/Src/stm32g0xx_hal_pwr_ex.o
 .debug_macro   0x00017f33      0x24d Drivers/STM32G0xx_HAL_Driver/Src/stm32g0xx_hal_rcc.o
 .debug_macro   0x00018180      0x229 Drivers/STM32G0xx_HAL_Driver/Src/stm32g0xx_hal_rcc_ex.o
 .debug_macro   0x000183a9      0x212 Drivers/STM32G0xx_HAL_Driver/Src/stm32g0xx_hal_rtc.o
 .debug_macro   0x000185bb      0x211 Drivers/STM32G0xx_HAL_Driver/Src/stm32g0xx_hal_rtc_ex.o
 .debug_macro   0x000187cc      0x219 Drivers/STM32G0xx_HAL_Driver/Src/stm32g0xx_hal_tim.o
 .debug_macro   0x000189e5      0x23c Drivers/STM32G0xx_HAL_Driver/Src/stm32g0xx_hal_uart.o
 .debug_macro   0x00018c21      0x21d Drivers/STM32G0xx_HAL_Driver/Src/stm32g0xx_hal_uart_ex.o

.debug_line     0x00000000    0x127e6
 .debug_line    0x00000000      0x930 Core/Src/BME280.o
 .debug_line    0x00000930      0xa25 Core/Src/EPY12231.o
 .debug_line    0x00001355      0xa08 Core/Src/Funcionality.o
 .debug_line    0x00001d5d      0xa12 Core/Src/Init.o
 .debug_line    0x0000276f      0xa91 Core/Src/Si7021.o
 .debug_line    0x00003200      0x7c0 Core/Src/ftoa.o
 .debug_line    0x000039c0      0xa2e Core/Src/main.o
 .debug_line    0x000043ee      0xa24 Core/Src/stm32g0xx_hal_msp.o
 .debug_line    0x00004e12      0x99e Core/Src/stm32g0xx_it.o
 .debug_line    0x000057b0      0x7ab Core/Src/system_stm32g0xx.o
 .debug_line    0x00005f5b      0x9af Drivers/STM32G0xx_HAL_Driver/Src/stm32g0xx_hal.o
 .debug_line    0x0000690a      0x97b Drivers/STM32G0xx_HAL_Driver/Src/stm32g0xx_hal_cortex.o
 .debug_line    0x00007285      0xa26 Drivers/STM32G0xx_HAL_Driver/Src/stm32g0xx_hal_dma.o
 .debug_line    0x00007cab      0x8e4 Drivers/STM32G0xx_HAL_Driver/Src/stm32g0xx_hal_gpio.o
 .debug_line    0x0000858f     0x1bef Drivers/STM32G0xx_HAL_Driver/Src/stm32g0xx_hal_i2c.o
 .debug_line    0x0000a17e      0x8bd Drivers/STM32G0xx_HAL_Driver/Src/stm32g0xx_hal_i2c_ex.o
 .debug_line    0x0000aa3b      0x956 Drivers/STM32G0xx_HAL_Driver/Src/stm32g0xx_hal_pwr_ex.o
 .debug_line    0x0000b391      0xaa4 Drivers/STM32G0xx_HAL_Driver/Src/stm32g0xx_hal_rcc.o
 .debug_line    0x0000be35      0x92f Drivers/STM32G0xx_HAL_Driver/Src/stm32g0xx_hal_rcc_ex.o
 .debug_line    0x0000c764      0xb27 Drivers/STM32G0xx_HAL_Driver/Src/stm32g0xx_hal_rtc.o
 .debug_line    0x0000d28b      0xe81 Drivers/STM32G0xx_HAL_Driver/Src/stm32g0xx_hal_rtc_ex.o
 .debug_line    0x0000e10c     0x260a Drivers/STM32G0xx_HAL_Driver/Src/stm32g0xx_hal_tim.o
 .debug_line    0x00010716     0x14fc Drivers/STM32G0xx_HAL_Driver/Src/stm32g0xx_hal_uart.o
 .debug_line    0x00011c12      0xb52 Drivers/STM32G0xx_HAL_Driver/Src/stm32g0xx_hal_uart_ex.o
 .debug_line    0x00012764       0x82 startup/startup_stm32g030xx.o

.debug_str      0x00000000    0x93685
 .debug_str     0x00000000    0x88b3e Core/Src/BME280.o
                              0x89159 (size before relaxing)
 .debug_str     0x00088b3e     0x446c Core/Src/EPY12231.o
                              0x8ce7a (size before relaxing)
 .debug_str     0x0008cfaa     0x1714 Core/Src/Funcionality.o
                              0x8e94e (size before relaxing)
 .debug_str     0x0008e6be      0x479 Core/Src/Init.o
                              0x8ed51 (size before relaxing)
 .debug_str     0x0008eb37      0x378 Core/Src/Si7021.o
                              0x8ec28 (size before relaxing)
 .debug_str     0x0008eeaf       0x3b Core/Src/ftoa.o
                              0x88492 (size before relaxing)
 .debug_str     0x0008eeea      0x1a9 Core/Src/main.o
                              0x8eb0b (size before relaxing)
 .debug_str     0x0008f093      0x293 Core/Src/stm32g0xx_hal_msp.o
                              0x8ec23 (size before relaxing)
 .debug_str     0x0008f326       0xdc Core/Src/stm32g0xx_it.o
                              0x8e932 (size before relaxing)
 .debug_str     0x0008f402       0x97 Core/Src/system_stm32g0xx.o
                              0x88599 (size before relaxing)
 .debug_str     0x0008f499      0x3d9 Drivers/STM32G0xx_HAL_Driver/Src/stm32g0xx_hal.o
                              0x88b78 (size before relaxing)
 .debug_str     0x0008f872      0x229 Drivers/STM32G0xx_HAL_Driver/Src/stm32g0xx_hal_cortex.o
                              0x889a2 (size before relaxing)
 .debug_str     0x0008fa9b      0x2b2 Drivers/STM32G0xx_HAL_Driver/Src/stm32g0xx_hal_dma.o
                              0x889ee (size before relaxing)
 .debug_str     0x0008fd4d      0x206 Drivers/STM32G0xx_HAL_Driver/Src/stm32g0xx_hal_gpio.o
                              0x88767 (size before relaxing)
 .debug_str     0x0008ff53      0xcca Drivers/STM32G0xx_HAL_Driver/Src/stm32g0xx_hal_i2c.o
                              0x89873 (size before relaxing)
 .debug_str     0x00090c1d       0xb8 Drivers/STM32G0xx_HAL_Driver/Src/stm32g0xx_hal_i2c_ex.o
                              0x88b93 (size before relaxing)
 .debug_str     0x00090cd5      0x1d9 Drivers/STM32G0xx_HAL_Driver/Src/stm32g0xx_hal_pwr_ex.o
                              0x887cf (size before relaxing)
 .debug_str     0x00090eae      0x32f Drivers/STM32G0xx_HAL_Driver/Src/stm32g0xx_hal_rcc.o
                              0x88b14 (size before relaxing)
 .debug_str     0x000911dd      0x185 Drivers/STM32G0xx_HAL_Driver/Src/stm32g0xx_hal_rcc_ex.o
                              0x888b3 (size before relaxing)
 .debug_str     0x00091362      0x2c0 Drivers/STM32G0xx_HAL_Driver/Src/stm32g0xx_hal_rtc.o
                              0x889a1 (size before relaxing)
 .debug_str     0x00091622      0x666 Drivers/STM32G0xx_HAL_Driver/Src/stm32g0xx_hal_rtc_ex.o
                              0x88e75 (size before relaxing)
 .debug_str     0x00091c88      0xe63 Drivers/STM32G0xx_HAL_Driver/Src/stm32g0xx_hal_tim.o
                              0x89a35 (size before relaxing)
 .debug_str     0x00092aeb      0x921 Drivers/STM32G0xx_HAL_Driver/Src/stm32g0xx_hal_uart.o
                              0x89499 (size before relaxing)
 .debug_str     0x0009340c      0x24a Drivers/STM32G0xx_HAL_Driver/Src/stm32g0xx_hal_uart_ex.o
                              0x88d42 (size before relaxing)
 .debug_str     0x00093656       0x2f startup/startup_stm32g030xx.o
                                 0x63 (size before relaxing)

.comment        0x00000000       0x7f
 .comment       0x00000000       0x7f Core/Src/BME280.o
                                 0x80 (size before relaxing)
 .comment       0x0000007f       0x80 Core/Src/EPY12231.o
 .comment       0x0000007f       0x80 Core/Src/Funcionality.o
 .comment       0x0000007f       0x80 Core/Src/Init.o
 .comment       0x0000007f       0x80 Core/Src/Si7021.o
 .comment       0x0000007f       0x80 Core/Src/ftoa.o
 .comment       0x0000007f       0x80 Core/Src/main.o
 .comment       0x0000007f       0x80 Core/Src/stm32g0xx_hal_msp.o
 .comment       0x0000007f       0x80 Core/Src/stm32g0xx_it.o
 .comment       0x0000007f       0x80 Core/Src/system_stm32g0xx.o
 .comment       0x0000007f       0x80 Drivers/STM32G0xx_HAL_Driver/Src/stm32g0xx_hal.o
 .comment       0x0000007f       0x80 Drivers/STM32G0xx_HAL_Driver/Src/stm32g0xx_hal_cortex.o
 .comment       0x0000007f       0x80 Drivers/STM32G0xx_HAL_Driver/Src/stm32g0xx_hal_dma.o
 .comment       0x0000007f       0x80 Drivers/STM32G0xx_HAL_Driver/Src/stm32g0xx_hal_gpio.o
 .comment       0x0000007f       0x80 Drivers/STM32G0xx_HAL_Driver/Src/stm32g0xx_hal_i2c.o
 .comment       0x0000007f       0x80 Drivers/STM32G0xx_HAL_Driver/Src/stm32g0xx_hal_i2c_ex.o
 .comment       0x0000007f       0x80 Drivers/STM32G0xx_HAL_Driver/Src/stm32g0xx_hal_pwr_ex.o
 .comment       0x0000007f       0x80 Drivers/STM32G0xx_HAL_Driver/Src/stm32g0xx_hal_rcc.o
 .comment       0x0000007f       0x80 Drivers/STM32G0xx_HAL_Driver/Src/stm32g0xx_hal_rcc_ex.o
 .comment       0x0000007f       0x80 Drivers/STM32G0xx_HAL_Driver/Src/stm32g0xx_hal_rtc.o
 .comment       0x0000007f       0x80 Drivers/STM32G0xx_HAL_Driver/Src/stm32g0xx_hal_rtc_ex.o
 .comment       0x0000007f       0x80 Drivers/STM32G0xx_HAL_Driver/Src/stm32g0xx_hal_tim.o
 .comment       0x0000007f       0x80 Drivers/STM32G0xx_HAL_Driver/Src/stm32g0xx_hal_uart.o
 .comment       0x0000007f       0x80 Drivers/STM32G0xx_HAL_Driver/Src/stm32g0xx_hal_uart_ex.o

.debug_frame    0x00000000     0x3b60
 .debug_frame   0x00000000      0x12c Core/Src/BME280.o
 .debug_frame   0x0000012c      0x174 Core/Src/EPY12231.o
 .debug_frame   0x000002a0       0xd8 Core/Src/Funcionality.o
 .debug_frame   0x00000378      0x104 Core/Src/Init.o
 .debug_frame   0x0000047c      0x194 Core/Src/Si7021.o
 .debug_frame   0x00000610       0x70 Core/Src/ftoa.o
 .debug_frame   0x00000680       0xe0 Core/Src/main.o
 .debug_frame   0x00000760       0xe0 Core/Src/stm32g0xx_hal_msp.o
 .debug_frame   0x00000840       0x98 Core/Src/stm32g0xx_it.o
 .debug_frame   0x000008d8       0x38 Core/Src/system_stm32g0xx.o
 .debug_frame   0x00000910      0x20c Drivers/STM32G0xx_HAL_Driver/Src/stm32g0xx_hal.o
 .debug_frame   0x00000b1c      0x114 Drivers/STM32G0xx_HAL_Driver/Src/stm32g0xx_hal_cortex.o
 .debug_frame   0x00000c30      0x188 Drivers/STM32G0xx_HAL_Driver/Src/stm32g0xx_hal_dma.o
 .debug_frame   0x00000db8       0xd4 Drivers/STM32G0xx_HAL_Driver/Src/stm32g0xx_hal_gpio.o
 .debug_frame   0x00000e8c      0x834 Drivers/STM32G0xx_HAL_Driver/Src/stm32g0xx_hal_i2c.o
 .debug_frame   0x000016c0       0xb0 Drivers/STM32G0xx_HAL_Driver/Src/stm32g0xx_hal_i2c_ex.o
 .debug_frame   0x00001770      0x120 Drivers/STM32G0xx_HAL_Driver/Src/stm32g0xx_hal_pwr_ex.o
 .debug_frame   0x00001890      0x15c Drivers/STM32G0xx_HAL_Driver/Src/stm32g0xx_hal_rcc.o
 .debug_frame   0x000019ec       0x90 Drivers/STM32G0xx_HAL_Driver/Src/stm32g0xx_hal_rcc_ex.o
 .debug_frame   0x00001a7c      0x214 Drivers/STM32G0xx_HAL_Driver/Src/stm32g0xx_hal_rtc.o
 .debug_frame   0x00001c90      0x44c Drivers/STM32G0xx_HAL_Driver/Src/stm32g0xx_hal_rtc_ex.o
 .debug_frame   0x000020dc      0xaf8 Drivers/STM32G0xx_HAL_Driver/Src/stm32g0xx_hal_tim.o
 .debug_frame   0x00002bd4      0x668 Drivers/STM32G0xx_HAL_Driver/Src/stm32g0xx_hal_uart.o
 .debug_frame   0x0000323c      0x1cc Drivers/STM32G0xx_HAL_Driver/Src/stm32g0xx_hal_uart_ex.o
 .debug_frame   0x00003408       0x3c c:/ac6/systemworkbench/plugins/fr.ac6.mcu.externaltools.arm-none.win32_1.17.0.201812190825/tools/compiler/bin/../lib/gcc/arm-none-eabi/7.3.1/../../../../arm-none-eabi/lib/thumb/v6-m\libm.a(lib_a-w_pow.o)
 .debug_frame   0x00003444       0x3c c:/ac6/systemworkbench/plugins/fr.ac6.mcu.externaltools.arm-none.win32_1.17.0.201812190825/tools/compiler/bin/../lib/gcc/arm-none-eabi/7.3.1/../../../../arm-none-eabi/lib/thumb/v6-m\libm.a(lib_a-e_pow.o)
 .debug_frame   0x00003480       0x38 c:/ac6/systemworkbench/plugins/fr.ac6.mcu.externaltools.arm-none.win32_1.17.0.201812190825/tools/compiler/bin/../lib/gcc/arm-none-eabi/7.3.1/../../../../arm-none-eabi/lib/thumb/v6-m\libm.a(lib_a-e_sqrt.o)
 .debug_frame   0x000034b8       0x20 c:/ac6/systemworkbench/plugins/fr.ac6.mcu.externaltools.arm-none.win32_1.17.0.201812190825/tools/compiler/bin/../lib/gcc/arm-none-eabi/7.3.1/../../../../arm-none-eabi/lib/thumb/v6-m\libm.a(lib_a-s_fabs.o)
 .debug_frame   0x000034d8       0x20 c:/ac6/systemworkbench/plugins/fr.ac6.mcu.externaltools.arm-none.win32_1.17.0.201812190825/tools/compiler/bin/../lib/gcc/arm-none-eabi/7.3.1/../../../../arm-none-eabi/lib/thumb/v6-m\libm.a(lib_a-s_finite.o)
 .debug_frame   0x000034f8       0x20 c:/ac6/systemworkbench/plugins/fr.ac6.mcu.externaltools.arm-none.win32_1.17.0.201812190825/tools/compiler/bin/../lib/gcc/arm-none-eabi/7.3.1/../../../../arm-none-eabi/lib/thumb/v6-m\libm.a(lib_a-s_matherr.o)
 .debug_frame   0x00003518       0x20 c:/ac6/systemworkbench/plugins/fr.ac6.mcu.externaltools.arm-none.win32_1.17.0.201812190825/tools/compiler/bin/../lib/gcc/arm-none-eabi/7.3.1/../../../../arm-none-eabi/lib/thumb/v6-m\libm.a(lib_a-s_nan.o)